Component: ARM Compiler 5.06 update 7 (build 960) Tool: armlink [4d3601]

==============================================================================

Section Cross References

    main.o(i.Task1_Entry) refers to task.o(i.vTaskDelay) for vTaskDelay
    main.o(i.Task1_Entry) refers to main.o(.data) for flag1
    main.o(i.Task2_Entry) refers to task.o(i.vTaskDelay) for vTaskDelay
    main.o(i.Task2_Entry) refers to main.o(.data) for flag2
    main.o(i.main) refers to task.o(i.xTaskCreateStatic) for xTaskCreateStatic
    main.o(i.main) refers to task.o(i.vTaskStartScheduler) for vTaskStartScheduler
    main.o(i.main) refers to main.o(.bss) for Task1TCB
    main.o(i.main) refers to main.o(i.Task1_Entry) for Task1_Entry
    main.o(i.main) refers to main.o(.data) for Task1_Handle
    main.o(i.main) refers to main.o(i.Task2_Entry) for Task2_Entry
    main.o(i.vApplicationGetIdleTaskMemory) refers to main.o(.bss) for IdleTaskTCB
    port.o(.emb_text) refers to task.o(.data) for pxCurrentTCB
    port.o(.emb_text) refers to task.o(i.vTaskSwitchContext) for vTaskSwitchContext
    port.o(i.SysTick_Handler) refers to task.o(i.xTaskIncrementTick) for xTaskIncrementTick
    port.o(i.pxPortInitialiseStack) refers to port.o(i.prvTaskExitError) for prvTaskExitError
    port.o(i.vPortEnterCritical) refers to port.o(.data) for uxCriticalNesting
    port.o(i.vPortExitCritical) refers to port.o(.data) for uxCriticalNesting
    port.o(i.xPortStartScheduler) refers to port.o(i.vPortSetupTimerInterrupt) for vPortSetupTimerInterrupt
    port.o(i.xPortStartScheduler) refers to port.o(.emb_text) for prvStartFirstTask
    task.o(i.prvAddNewTaskToReadyList) refers to port.o(i.vPortEnterCritical) for vPortEnterCritical
    task.o(i.prvAddNewTaskToReadyList) refers to task.o(i.prvInitialiseTaskLists) for prvInitialiseTaskLists
    task.o(i.prvAddNewTaskToReadyList) refers to list.o(i.vListInsertEnd) for vListInsertEnd
    task.o(i.prvAddNewTaskToReadyList) refers to port.o(i.vPortExitCritical) for vPortExitCritical
    task.o(i.prvAddNewTaskToReadyList) refers to task.o(.data) for uxCurrentNumberOfTasks
    task.o(i.prvAddNewTaskToReadyList) refers to task.o(.bss) for pxReadyTasksLists
    task.o(i.prvInitialiseNewTask) refers to list.o(i.vListInitialiseItem) for vListInitialiseItem
    task.o(i.prvInitialiseNewTask) refers to port.o(i.pxPortInitialiseStack) for pxPortInitialiseStack
    task.o(i.prvInitialiseTaskLists) refers to list.o(i.vListInitialise) for vListInitialise
    task.o(i.prvInitialiseTaskLists) refers to task.o(.bss) for pxReadyTasksLists
    task.o(i.vTaskDelay) refers to task.o(.data) for pxCurrentTCB
    task.o(i.vTaskStartScheduler) refers to main.o(i.vApplicationGetIdleTaskMemory) for vApplicationGetIdleTaskMemory
    task.o(i.vTaskStartScheduler) refers to task.o(i.xTaskCreateStatic) for xTaskCreateStatic
    task.o(i.vTaskStartScheduler) refers to port.o(i.xPortStartScheduler) for xPortStartScheduler
    task.o(i.vTaskStartScheduler) refers to task.o(i.prvIdleTask) for prvIdleTask
    task.o(i.vTaskStartScheduler) refers to task.o(.data) for xIdleTaskHandle
    task.o(i.vTaskSwitchContext) refers to task.o(.data) for uxTopReadyPriority
    task.o(i.vTaskSwitchContext) refers to task.o(.bss) for pxReadyTasksLists
    task.o(i.xTaskCreateStatic) refers to task.o(i.prvInitialiseNewTask) for prvInitialiseNewTask
    task.o(i.xTaskCreateStatic) refers to task.o(i.prvAddNewTaskToReadyList) for prvAddNewTaskToReadyList
    task.o(i.xTaskIncrementTick) refers to task.o(.data) for xTickCount
    task.o(i.xTaskIncrementTick) refers to task.o(.bss) for pxReadyTasksLists
    startup_armcm3.o(STACK) refers (Special) to heapauxi.o(.text) for __use_two_region_memory
    startup_armcm3.o(HEAP) refers (Special) to heapauxi.o(.text) for __use_two_region_memory
    startup_armcm3.o(RESET) refers (Special) to heapauxi.o(.text) for __use_two_region_memory
    startup_armcm3.o(RESET) refers to startup_armcm3.o(STACK) for __initial_sp
    startup_armcm3.o(RESET) refers to startup_armcm3.o(.text) for Reset_Handler
    startup_armcm3.o(RESET) refers to port.o(.emb_text) for SVC_Handler
    startup_armcm3.o(RESET) refers to port.o(i.SysTick_Handler) for SysTick_Handler
    startup_armcm3.o(.text) refers (Special) to heapauxi.o(.text) for __use_two_region_memory
    startup_armcm3.o(.text) refers to system_armcm3.o(i.SystemInit) for SystemInit
    startup_armcm3.o(.text) refers to __main.o(!!!main) for __main
    startup_armcm3.o(.text) refers to startup_armcm3.o(HEAP) for Heap_Mem
    startup_armcm3.o(.text) refers to startup_armcm3.o(STACK) for Stack_Mem
    system_armcm3.o(i.SystemCoreClockUpdate) refers to system_armcm3.o(.data) for SystemCoreClock
    system_armcm3.o(i.SystemInit) refers to startup_armcm3.o(RESET) for __Vectors
    system_armcm3.o(i.SystemInit) refers to system_armcm3.o(.data) for SystemCoreClock
    __main.o(!!!main) refers to __rtentry.o(.ARM.Collect$$rtentry$$00000000) for __rt_entry
    __rtentry.o(.ARM.Collect$$rtentry$$00000000) refers (Special) to __rtentry2.o(.ARM.Collect$$rtentry$$0000000A) for __rt_entry_li
    __rtentry.o(.ARM.Collect$$rtentry$$00000000) refers (Special) to __rtentry2.o(.ARM.Collect$$rtentry$$0000000D) for __rt_entry_main
    __rtentry.o(.ARM.Collect$$rtentry$$00000000) refers (Special) to __rtentry2.o(.ARM.Collect$$rtentry$$0000000C) for __rt_entry_postli_1
    __rtentry.o(.ARM.Collect$$rtentry$$00000000) refers (Special) to __rtentry2.o(.ARM.Collect$$rtentry$$00000009) for __rt_entry_postsh_1
    __rtentry.o(.ARM.Collect$$rtentry$$00000000) refers (Special) to __rtentry2.o(.ARM.Collect$$rtentry$$00000002) for __rt_entry_presh_1
    __rtentry.o(.ARM.Collect$$rtentry$$00000000) refers (Special) to __rtentry4.o(.ARM.Collect$$rtentry$$00000004) for __rt_entry_sh
    __rtentry2.o(.ARM.Collect$$rtentry$$00000008) refers to boardinit2.o(.text) for _platform_post_stackheap_init
    __rtentry2.o(.ARM.Collect$$rtentry$$0000000A) refers to libinit.o(.ARM.Collect$$libinit$$00000000) for __rt_lib_init
    __rtentry2.o(.ARM.Collect$$rtentry$$0000000B) refers to boardinit3.o(.text) for _platform_post_lib_init
    __rtentry2.o(.ARM.Collect$$rtentry$$0000000D) refers to main.o(i.main) for main
    __rtentry2.o(.ARM.Collect$$rtentry$$0000000D) refers to exit.o(.text) for exit
    __rtentry2.o(.ARM.exidx) refers to __rtentry2.o(.ARM.Collect$$rtentry$$00000001) for .ARM.Collect$$rtentry$$00000001
    __rtentry2.o(.ARM.exidx) refers to __rtentry2.o(.ARM.Collect$$rtentry$$00000008) for .ARM.Collect$$rtentry$$00000008
    __rtentry2.o(.ARM.exidx) refers to __rtentry2.o(.ARM.Collect$$rtentry$$0000000A) for .ARM.Collect$$rtentry$$0000000A
    __rtentry2.o(.ARM.exidx) refers to __rtentry2.o(.ARM.Collect$$rtentry$$0000000B) for .ARM.Collect$$rtentry$$0000000B
    __rtentry2.o(.ARM.exidx) refers to __rtentry2.o(.ARM.Collect$$rtentry$$0000000D) for .ARM.Collect$$rtentry$$0000000D
    __rtentry4.o(.ARM.Collect$$rtentry$$00000004) refers to sys_stackheap_outer.o(.text) for __user_setup_stackheap
    __rtentry4.o(.ARM.exidx) refers to __rtentry4.o(.ARM.Collect$$rtentry$$00000004) for .ARM.Collect$$rtentry$$00000004
    sys_stackheap_outer.o(.text) refers to libspace.o(.text) for __user_perproc_libspace
    sys_stackheap_outer.o(.text) refers to startup_armcm3.o(.text) for __user_initial_stackheap
    exit.o(.text) refers to rtexit.o(.ARM.Collect$$rtexit$$00000000) for __rt_exit
    libinit.o(.ARM.Collect$$libinit$$00000000) refers (Special) to libinit2.o(.ARM.Collect$$libinit$$0000002E) for __rt_lib_init_alloca_1
    libinit.o(.ARM.Collect$$libinit$$00000000) refers (Special) to libinit2.o(.ARM.Collect$$libinit$$0000002C) for __rt_lib_init_argv_1
    libinit.o(.ARM.Collect$$libinit$$00000000) refers (Special) to libinit2.o(.ARM.Collect$$libinit$$0000001B) for __rt_lib_init_atexit_1
    libinit.o(.ARM.Collect$$libinit$$00000000) refers (Special) to libinit2.o(.ARM.Collect$$libinit$$00000021) for __rt_lib_init_clock_1
    libinit.o(.ARM.Collect$$libinit$$00000000) refers (Special) to libinit2.o(.ARM.Collect$$libinit$$00000032) for __rt_lib_init_cpp_1
    libinit.o(.ARM.Collect$$libinit$$00000000) refers (Special) to libinit2.o(.ARM.Collect$$libinit$$00000030) for __rt_lib_init_exceptions_1
    libinit.o(.ARM.Collect$$libinit$$00000000) refers (Special) to libinit2.o(.ARM.Collect$$libinit$$00000002) for __rt_lib_init_fp_1
    libinit.o(.ARM.Collect$$libinit$$00000000) refers (Special) to libinit2.o(.ARM.Collect$$libinit$$0000001F) for __rt_lib_init_fp_trap_1
    libinit.o(.ARM.Collect$$libinit$$00000000) refers (Special) to libinit2.o(.ARM.Collect$$libinit$$00000023) for __rt_lib_init_getenv_1
    libinit.o(.ARM.Collect$$libinit$$00000000) refers (Special) to libinit2.o(.ARM.Collect$$libinit$$0000000A) for __rt_lib_init_heap_1
    libinit.o(.ARM.Collect$$libinit$$00000000) refers (Special) to libinit2.o(.ARM.Collect$$libinit$$00000011) for __rt_lib_init_lc_collate_1
    libinit.o(.ARM.Collect$$libinit$$00000000) refers (Special) to libinit2.o(.ARM.Collect$$libinit$$00000013) for __rt_lib_init_lc_ctype_1
    libinit.o(.ARM.Collect$$libinit$$00000000) refers (Special) to libinit2.o(.ARM.Collect$$libinit$$00000015) for __rt_lib_init_lc_monetary_1
    libinit.o(.ARM.Collect$$libinit$$00000000) refers (Special) to libinit2.o(.ARM.Collect$$libinit$$00000017) for __rt_lib_init_lc_numeric_1
    libinit.o(.ARM.Collect$$libinit$$00000000) refers (Special) to libinit2.o(.ARM.Collect$$libinit$$00000019) for __rt_lib_init_lc_time_1
    libinit.o(.ARM.Collect$$libinit$$00000000) refers (Special) to libinit2.o(.ARM.Collect$$libinit$$00000004) for __rt_lib_init_preinit_1
    libinit.o(.ARM.Collect$$libinit$$00000000) refers (Special) to libinit2.o(.ARM.Collect$$libinit$$0000000E) for __rt_lib_init_rand_1
    libinit.o(.ARM.Collect$$libinit$$00000000) refers (Special) to libinit2.o(.ARM.Collect$$libinit$$00000033) for __rt_lib_init_return
    libinit.o(.ARM.Collect$$libinit$$00000000) refers (Special) to libinit2.o(.ARM.Collect$$libinit$$0000001D) for __rt_lib_init_signal_1
    libinit.o(.ARM.Collect$$libinit$$00000000) refers (Special) to libinit2.o(.ARM.Collect$$libinit$$00000025) for __rt_lib_init_stdio_1
    libinit.o(.ARM.Collect$$libinit$$00000000) refers (Special) to libinit2.o(.ARM.Collect$$libinit$$0000000C) for __rt_lib_init_user_alloc_1
    libspace.o(.text) refers to libspace.o(.bss) for __libspace_start
    rtexit.o(.ARM.Collect$$rtexit$$00000000) refers (Special) to rtexit2.o(.ARM.Collect$$rtexit$$00000004) for __rt_exit_exit
    rtexit.o(.ARM.Collect$$rtexit$$00000000) refers (Special) to rtexit2.o(.ARM.Collect$$rtexit$$00000003) for __rt_exit_ls
    rtexit.o(.ARM.Collect$$rtexit$$00000000) refers (Special) to rtexit2.o(.ARM.Collect$$rtexit$$00000002) for __rt_exit_prels_1
    rtexit.o(.ARM.exidx) refers (Special) to rtexit2.o(.ARM.Collect$$rtexit$$00000004) for __rt_exit_exit
    rtexit.o(.ARM.exidx) refers (Special) to rtexit2.o(.ARM.Collect$$rtexit$$00000003) for __rt_exit_ls
    rtexit.o(.ARM.exidx) refers (Special) to rtexit2.o(.ARM.Collect$$rtexit$$00000002) for __rt_exit_prels_1
    rtexit.o(.ARM.exidx) refers to rtexit.o(.ARM.Collect$$rtexit$$00000000) for .ARM.Collect$$rtexit$$00000000
    libinit2.o(.ARM.Collect$$libinit$$00000010) refers to libinit2.o(.ARM.Collect$$libinit$$0000000F) for .ARM.Collect$$libinit$$0000000F
    libinit2.o(.ARM.Collect$$libinit$$00000012) refers to libinit2.o(.ARM.Collect$$libinit$$0000000F) for .ARM.Collect$$libinit$$0000000F
    libinit2.o(.ARM.Collect$$libinit$$00000014) refers to libinit2.o(.ARM.Collect$$libinit$$0000000F) for .ARM.Collect$$libinit$$0000000F
    libinit2.o(.ARM.Collect$$libinit$$00000016) refers to libinit2.o(.ARM.Collect$$libinit$$0000000F) for .ARM.Collect$$libinit$$0000000F
    libinit2.o(.ARM.Collect$$libinit$$00000018) refers to libinit2.o(.ARM.Collect$$libinit$$0000000F) for .ARM.Collect$$libinit$$0000000F
    libinit2.o(.ARM.Collect$$libinit$$00000026) refers to argv_veneer.o(.emb_text) for __ARM_argv_veneer
    libinit2.o(.ARM.Collect$$libinit$$00000027) refers to argv_veneer.o(.emb_text) for __ARM_argv_veneer
    rtexit2.o(.ARM.Collect$$rtexit$$00000003) refers to libshutdown.o(.ARM.Collect$$libshutdown$$00000000) for __rt_lib_shutdown
    rtexit2.o(.ARM.Collect$$rtexit$$00000004) refers to sys_exit.o(.text) for _sys_exit
    rtexit2.o(.ARM.exidx) refers to rtexit2.o(.ARM.Collect$$rtexit$$00000001) for .ARM.Collect$$rtexit$$00000001
    rtexit2.o(.ARM.exidx) refers to rtexit2.o(.ARM.Collect$$rtexit$$00000003) for .ARM.Collect$$rtexit$$00000003
    rtexit2.o(.ARM.exidx) refers to rtexit2.o(.ARM.Collect$$rtexit$$00000004) for .ARM.Collect$$rtexit$$00000004
    argv_veneer.o(.emb_text) refers to no_argv.o(.text) for __ARM_get_argv
    sys_exit.o(.text) refers (Special) to use_no_semi.o(.text) for __I$use$semihosting
    sys_exit.o(.text) refers (Special) to indicate_semi.o(.text) for __semihosting_library_function
    _get_argv_nomalloc.o(.text) refers (Special) to hrguard.o(.text) for __heap_region$guard
    _get_argv_nomalloc.o(.text) refers to defsig_rtmem_outer.o(.text) for __rt_SIGRTMEM
    _get_argv_nomalloc.o(.text) refers to sys_command.o(.text) for _sys_command_string
    libshutdown.o(.ARM.Collect$$libshutdown$$00000000) refers (Special) to libshutdown2.o(.ARM.Collect$$libshutdown$$00000004) for __rt_lib_shutdown_cpp_1
    libshutdown.o(.ARM.Collect$$libshutdown$$00000000) refers (Special) to libshutdown2.o(.ARM.Collect$$libshutdown$$00000002) for __rt_lib_shutdown_fini_1
    libshutdown.o(.ARM.Collect$$libshutdown$$00000000) refers (Special) to libshutdown2.o(.ARM.Collect$$libshutdown$$00000009) for __rt_lib_shutdown_fp_trap_1
    libshutdown.o(.ARM.Collect$$libshutdown$$00000000) refers (Special) to libshutdown2.o(.ARM.Collect$$libshutdown$$00000011) for __rt_lib_shutdown_heap_1
    libshutdown.o(.ARM.Collect$$libshutdown$$00000000) refers (Special) to libshutdown2.o(.ARM.Collect$$libshutdown$$00000012) for __rt_lib_shutdown_return
    libshutdown.o(.ARM.Collect$$libshutdown$$00000000) refers (Special) to libshutdown2.o(.ARM.Collect$$libshutdown$$0000000C) for __rt_lib_shutdown_signal_1
    libshutdown.o(.ARM.Collect$$libshutdown$$00000000) refers (Special) to libshutdown2.o(.ARM.Collect$$libshutdown$$00000006) for __rt_lib_shutdown_stdio_1
    libshutdown.o(.ARM.Collect$$libshutdown$$00000000) refers (Special) to libshutdown2.o(.ARM.Collect$$libshutdown$$0000000E) for __rt_lib_shutdown_user_alloc_1
    sys_command.o(.text) refers (Special) to use_no_semi.o(.text) for __I$use$semihosting
    sys_command.o(.text) refers (Special) to indicate_semi.o(.text) for __semihosting_library_function
    defsig_rtmem_outer.o(.text) refers to defsig_rtmem_inner.o(.text) for __rt_SIGRTMEM_inner
    defsig_rtmem_outer.o(.text) refers to defsig_exit.o(.text) for __sig_exit
    defsig_rtmem_formal.o(.text) refers to rt_raise.o(.text) for __rt_raise
    rt_raise.o(.text) refers to __raise.o(.text) for __raise
    rt_raise.o(.text) refers to sys_exit.o(.text) for _sys_exit
    defsig_exit.o(.text) refers to sys_exit.o(.text) for _sys_exit
    defsig_rtmem_inner.o(.text) refers to defsig_general.o(.text) for __default_signal_display
    __raise.o(.text) refers to defsig.o(CL$$defsig) for __default_signal_handler
    defsig_general.o(.text) refers to sys_wrch.o(.text) for _ttywrch
    sys_wrch.o(.text) refers (Special) to use_no_semi.o(.text) for __I$use$semihosting
    sys_wrch.o(.text) refers (Special) to indicate_semi.o(.text) for __semihosting_library_function
    defsig.o(CL$$defsig) refers to defsig_rtmem_inner.o(.text) for __rt_SIGRTMEM_inner
    defsig_abrt_inner.o(.text) refers to defsig_general.o(.text) for __default_signal_display
    defsig_fpe_inner.o(.text) refers to defsig_general.o(.text) for __default_signal_display
    defsig_rtred_inner.o(.text) refers to defsig_general.o(.text) for __default_signal_display
    defsig_stak_inner.o(.text) refers to defsig_general.o(.text) for __default_signal_display
    defsig_pvfn_inner.o(.text) refers to defsig_general.o(.text) for __default_signal_display
    defsig_cppl_inner.o(.text) refers to defsig_general.o(.text) for __default_signal_display
    defsig_segv_inner.o(.text) refers to defsig_general.o(.text) for __default_signal_display
    defsig_other.o(.text) refers to defsig_general.o(.text) for __default_signal_display


==============================================================================

Removing Unused input sections from the image.

    Removing main.o(i.delay), (10 bytes).
    Removing port.o(.rev16_text), (4 bytes).
    Removing port.o(.revsh_text), (4 bytes).
    Removing port.o(.rrx_text), (6 bytes).
    Removing list.o(i.uxListRemove), (40 bytes).
    Removing list.o(i.vListInsert), (52 bytes).
    Removing system_armcm3.o(.rev16_text), (4 bytes).
    Removing system_armcm3.o(.revsh_text), (4 bytes).
    Removing system_armcm3.o(.rrx_text), (6 bytes).
    Removing system_armcm3.o(i.SystemCoreClockUpdate), (16 bytes).

10 unused section(s) (total 146 bytes) removed from the image.

==============================================================================

Image Symbol Table

    Local Symbols

    Symbol Name                              Value     Ov Type        Size  Object(Section)

    RESET                                    0x00000000   Section      192  startup_armcm3.o(RESET)
    ../clib/angel/boardlib.s                 0x00000000   Number         0  boardshut.o ABSOLUTE
    ../clib/angel/boardlib.s                 0x00000000   Number         0  boardinit1.o ABSOLUTE
    ../clib/angel/boardlib.s                 0x00000000   Number         0  boardinit2.o ABSOLUTE
    ../clib/angel/boardlib.s                 0x00000000   Number         0  boardinit3.o ABSOLUTE
    ../clib/angel/handlers.s                 0x00000000   Number         0  __scatter_zi.o ABSOLUTE
    ../clib/angel/handlers.s                 0x00000000   Number         0  __scatter_copy.o ABSOLUTE
    ../clib/angel/kernel.s                   0x00000000   Number         0  __rtentry2.o ABSOLUTE
    ../clib/angel/kernel.s                   0x00000000   Number         0  rtexit2.o ABSOLUTE
    ../clib/angel/kernel.s                   0x00000000   Number         0  __rtentry4.o ABSOLUTE
    ../clib/angel/kernel.s                   0x00000000   Number         0  rtexit.o ABSOLUTE
    ../clib/angel/kernel.s                   0x00000000   Number         0  __rtentry.o ABSOLUTE
    ../clib/angel/rt.s                       0x00000000   Number         0  rt_raise.o ABSOLUTE
    ../clib/angel/scatter.s                  0x00000000   Number         0  __scatter.o ABSOLUTE
    ../clib/angel/startup.s                  0x00000000   Number         0  __main.o ABSOLUTE
    ../clib/angel/sys.s                      0x00000000   Number         0  indicate_semi.o ABSOLUTE
    ../clib/angel/sys.s                      0x00000000   Number         0  use_no_semi.o ABSOLUTE
    ../clib/angel/sys.s                      0x00000000   Number         0  sys_stackheap_outer.o ABSOLUTE
    ../clib/angel/sys.s                      0x00000000   Number         0  libspace.o ABSOLUTE
    ../clib/angel/sysapp.c                   0x00000000   Number         0  sys_exit.o ABSOLUTE
    ../clib/angel/sysapp.c                   0x00000000   Number         0  sys_command.o ABSOLUTE
    ../clib/angel/sysapp.c                   0x00000000   Number         0  sys_wrch.o ABSOLUTE
    ../clib/armsys.c                         0x00000000   Number         0  argv_veneer.o ABSOLUTE
    ../clib/armsys.c                         0x00000000   Number         0  argv_veneer.o ABSOLUTE
    ../clib/armsys.c                         0x00000000   Number         0  no_argv.o ABSOLUTE
    ../clib/armsys.c                         0x00000000   Number         0  _get_argv_nomalloc.o ABSOLUTE
    ../clib/heapalloc.c                      0x00000000   Number         0  hrguard.o ABSOLUTE
    ../clib/heapaux.c                        0x00000000   Number         0  heapauxi.o ABSOLUTE
    ../clib/libinit.s                        0x00000000   Number         0  libinit2.o ABSOLUTE
    ../clib/libinit.s                        0x00000000   Number         0  libshutdown2.o ABSOLUTE
    ../clib/libinit.s                        0x00000000   Number         0  libinit.o ABSOLUTE
    ../clib/libinit.s                        0x00000000   Number         0  libshutdown.o ABSOLUTE
    ../clib/signal.c                         0x00000000   Number         0  defsig_stak_inner.o ABSOLUTE
    ../clib/signal.c                         0x00000000   Number         0  defsig_rtred_inner.o ABSOLUTE
    ../clib/signal.c                         0x00000000   Number         0  defsig_fpe_inner.o ABSOLUTE
    ../clib/signal.c                         0x00000000   Number         0  defsig_abrt_inner.o ABSOLUTE
    ../clib/signal.c                         0x00000000   Number         0  __raise.o ABSOLUTE
    ../clib/signal.c                         0x00000000   Number         0  defsig_rtmem_inner.o ABSOLUTE
    ../clib/signal.c                         0x00000000   Number         0  defsig_rtmem_formal.o ABSOLUTE
    ../clib/signal.c                         0x00000000   Number         0  defsig_rtmem_outer.o ABSOLUTE
    ../clib/signal.c                         0x00000000   Number         0  defsig_exit.o ABSOLUTE
    ../clib/signal.c                         0x00000000   Number         0  defsig_pvfn_inner.o ABSOLUTE
    ../clib/signal.c                         0x00000000   Number         0  defsig_other.o ABSOLUTE
    ../clib/signal.c                         0x00000000   Number         0  defsig_segv_inner.o ABSOLUTE
    ../clib/signal.c                         0x00000000   Number         0  defsig_cppl_inner.o ABSOLUTE
    ../clib/signal.c                         0x00000000   Number         0  defsig_general.o ABSOLUTE
    ../clib/signal.s                         0x00000000   Number         0  defsig.o ABSOLUTE
    ../clib/stdlib.c                         0x00000000   Number         0  exit.o ABSOLUTE
    ../fplib/fpinit.s                        0x00000000   Number         0  fpinit.o ABSOLUTE
    ..\User\main.c                           0x00000000   Number         0  main.o ABSOLUTE
    ..\\freeRTOS\\protable\\RVDS\\ARM_CM3\\port.c 0x00000000   Number         0  port.o ABSOLUTE
    ..\freeRTOS\list.c                       0x00000000   Number         0  list.o ABSOLUTE
    ..\freeRTOS\protable\RVDS\ARM_CM3\port.c 0x00000000   Number         0  port.o ABSOLUTE
    ..\freeRTOS\task.c                       0x00000000   Number         0  task.o ABSOLUTE
    RTE\Device\ARMCM3\startup_ARMCM3.s       0x00000000   Number         0  startup_armcm3.o ABSOLUTE
    RTE\Device\ARMCM3\system_ARMCM3.c        0x00000000   Number         0  system_armcm3.o ABSOLUTE
    RTE\\Device\\ARMCM3\\system_ARMCM3.c     0x00000000   Number         0  system_armcm3.o ABSOLUTE
    dc.s                                     0x00000000   Number         0  dc.o ABSOLUTE
    !!!main                                  0x000000c0   Section        8  __main.o(!!!main)
    !!!scatter                               0x000000c8   Section       52  __scatter.o(!!!scatter)
    !!handler_copy                           0x000000fc   Section       26  __scatter_copy.o(!!handler_copy)
    !!handler_zi                             0x00000118   Section       28  __scatter_zi.o(!!handler_zi)
    .ARM.Collect$$libinit$$00000000          0x00000134   Section        2  libinit.o(.ARM.Collect$$libinit$$00000000)
    .ARM.Collect$$libinit$$00000002          0x00000136   Section        0  libinit2.o(.ARM.Collect$$libinit$$00000002)
    .ARM.Collect$$libinit$$00000004          0x00000136   Section        0  libinit2.o(.ARM.Collect$$libinit$$00000004)
    .ARM.Collect$$libinit$$0000000A          0x00000136   Section        0  libinit2.o(.ARM.Collect$$libinit$$0000000A)
    .ARM.Collect$$libinit$$0000000C          0x00000136   Section        0  libinit2.o(.ARM.Collect$$libinit$$0000000C)
    .ARM.Collect$$libinit$$0000000E          0x00000136   Section        0  libinit2.o(.ARM.Collect$$libinit$$0000000E)
    .ARM.Collect$$libinit$$00000011          0x00000136   Section        0  libinit2.o(.ARM.Collect$$libinit$$00000011)
    .ARM.Collect$$libinit$$00000013          0x00000136   Section        0  libinit2.o(.ARM.Collect$$libinit$$00000013)
    .ARM.Collect$$libinit$$00000015          0x00000136   Section        0  libinit2.o(.ARM.Collect$$libinit$$00000015)
    .ARM.Collect$$libinit$$00000017          0x00000136   Section        0  libinit2.o(.ARM.Collect$$libinit$$00000017)
    .ARM.Collect$$libinit$$00000019          0x00000136   Section        0  libinit2.o(.ARM.Collect$$libinit$$00000019)
    .ARM.Collect$$libinit$$0000001B          0x00000136   Section        0  libinit2.o(.ARM.Collect$$libinit$$0000001B)
    .ARM.Collect$$libinit$$0000001D          0x00000136   Section        0  libinit2.o(.ARM.Collect$$libinit$$0000001D)
    .ARM.Collect$$libinit$$0000001F          0x00000136   Section        0  libinit2.o(.ARM.Collect$$libinit$$0000001F)
    .ARM.Collect$$libinit$$00000021          0x00000136   Section        0  libinit2.o(.ARM.Collect$$libinit$$00000021)
    .ARM.Collect$$libinit$$00000023          0x00000136   Section        0  libinit2.o(.ARM.Collect$$libinit$$00000023)
    .ARM.Collect$$libinit$$00000025          0x00000136   Section        0  libinit2.o(.ARM.Collect$$libinit$$00000025)
    .ARM.Collect$$libinit$$0000002C          0x00000136   Section        0  libinit2.o(.ARM.Collect$$libinit$$0000002C)
    .ARM.Collect$$libinit$$0000002E          0x00000136   Section        0  libinit2.o(.ARM.Collect$$libinit$$0000002E)
    .ARM.Collect$$libinit$$00000030          0x00000136   Section        0  libinit2.o(.ARM.Collect$$libinit$$00000030)
    .ARM.Collect$$libinit$$00000032          0x00000136   Section        0  libinit2.o(.ARM.Collect$$libinit$$00000032)
    .ARM.Collect$$libinit$$00000033          0x00000136   Section        2  libinit2.o(.ARM.Collect$$libinit$$00000033)
    .ARM.Collect$$libshutdown$$00000000      0x00000138   Section        2  libshutdown.o(.ARM.Collect$$libshutdown$$00000000)
    .ARM.Collect$$libshutdown$$00000002      0x0000013a   Section        0  libshutdown2.o(.ARM.Collect$$libshutdown$$00000002)
    .ARM.Collect$$libshutdown$$00000004      0x0000013a   Section        0  libshutdown2.o(.ARM.Collect$$libshutdown$$00000004)
    .ARM.Collect$$libshutdown$$00000006      0x0000013a   Section        0  libshutdown2.o(.ARM.Collect$$libshutdown$$00000006)
    .ARM.Collect$$libshutdown$$00000009      0x0000013a   Section        0  libshutdown2.o(.ARM.Collect$$libshutdown$$00000009)
    .ARM.Collect$$libshutdown$$0000000C      0x0000013a   Section        0  libshutdown2.o(.ARM.Collect$$libshutdown$$0000000C)
    .ARM.Collect$$libshutdown$$0000000E      0x0000013a   Section        0  libshutdown2.o(.ARM.Collect$$libshutdown$$0000000E)
    .ARM.Collect$$libshutdown$$00000011      0x0000013a   Section        0  libshutdown2.o(.ARM.Collect$$libshutdown$$00000011)
    .ARM.Collect$$libshutdown$$00000012      0x0000013a   Section        2  libshutdown2.o(.ARM.Collect$$libshutdown$$00000012)
    .ARM.Collect$$rtentry$$00000000          0x0000013c   Section        0  __rtentry.o(.ARM.Collect$$rtentry$$00000000)
    .ARM.Collect$$rtentry$$00000002          0x0000013c   Section        0  __rtentry2.o(.ARM.Collect$$rtentry$$00000002)
    .ARM.Collect$$rtentry$$00000004          0x0000013c   Section        6  __rtentry4.o(.ARM.Collect$$rtentry$$00000004)
    .ARM.Collect$$rtentry$$00000009          0x00000142   Section        0  __rtentry2.o(.ARM.Collect$$rtentry$$00000009)
    .ARM.Collect$$rtentry$$0000000A          0x00000142   Section        4  __rtentry2.o(.ARM.Collect$$rtentry$$0000000A)
    .ARM.Collect$$rtentry$$0000000C          0x00000146   Section        0  __rtentry2.o(.ARM.Collect$$rtentry$$0000000C)
    .ARM.Collect$$rtentry$$0000000D          0x00000146   Section        8  __rtentry2.o(.ARM.Collect$$rtentry$$0000000D)
    .ARM.Collect$$rtexit$$00000000           0x0000014e   Section        2  rtexit.o(.ARM.Collect$$rtexit$$00000000)
    .ARM.Collect$$rtexit$$00000002           0x00000150   Section        0  rtexit2.o(.ARM.Collect$$rtexit$$00000002)
    .ARM.Collect$$rtexit$$00000003           0x00000150   Section        4  rtexit2.o(.ARM.Collect$$rtexit$$00000003)
    .ARM.Collect$$rtexit$$00000004           0x00000154   Section        6  rtexit2.o(.ARM.Collect$$rtexit$$00000004)
    .emb_text                                0x0000015c   Section      144  port.o(.emb_text)
    .text                                    0x000001ec   Section       64  startup_armcm3.o(.text)
    .text                                    0x0000022c   Section        0  heapauxi.o(.text)
    .text                                    0x00000232   Section       74  sys_stackheap_outer.o(.text)
    .text                                    0x0000027c   Section        0  exit.o(.text)
    .text                                    0x00000290   Section        8  libspace.o(.text)
    .text                                    0x00000298   Section        0  sys_exit.o(.text)
    .text                                    0x000002a4   Section        2  use_no_semi.o(.text)
    .text                                    0x000002a6   Section        0  indicate_semi.o(.text)
    i.SysTick_Handler                        0x000002a6   Section        0  port.o(i.SysTick_Handler)
    i.SystemInit                             0x000002cc   Section        0  system_armcm3.o(i.SystemInit)
    i.Task1_Entry                            0x000002ec   Section        0  main.o(i.Task1_Entry)
    i.Task2_Entry                            0x0000030c   Section        0  main.o(i.Task2_Entry)
    i.main                                   0x0000032c   Section        0  main.o(i.main)
    i.prvAddNewTaskToReadyList               0x000003b0   Section        0  task.o(i.prvAddNewTaskToReadyList)
    prvAddNewTaskToReadyList                 0x000003b1   Thumb Code   110  task.o(i.prvAddNewTaskToReadyList)
    i.prvIdleTask                            0x00000434   Section        0  task.o(i.prvIdleTask)
    prvIdleTask                              0x00000435   Thumb Code     4  task.o(i.prvIdleTask)
    i.prvInitialiseNewTask                   0x00000438   Section        0  task.o(i.prvInitialiseNewTask)
    prvInitialiseNewTask                     0x00000439   Thumb Code   110  task.o(i.prvInitialiseNewTask)
    i.prvInitialiseTaskLists                 0x000004a8   Section        0  task.o(i.prvInitialiseTaskLists)
    i.prvTaskExitError                       0x000004c8   Section        0  port.o(i.prvTaskExitError)
    prvTaskExitError                         0x000004c9   Thumb Code     4  port.o(i.prvTaskExitError)
    i.pxPortInitialiseStack                  0x000004cc   Section        0  port.o(i.pxPortInitialiseStack)
    i.vApplicationGetIdleTaskMemory          0x000004f0   Section        0  main.o(i.vApplicationGetIdleTaskMemory)
    i.vListInitialise                        0x00000508   Section        0  list.o(i.vListInitialise)
    i.vListInitialiseItem                    0x00000522   Section        0  list.o(i.vListInitialiseItem)
    i.vListInsertEnd                         0x00000528   Section        0  list.o(i.vListInsertEnd)
    i.vPortEnterCritical                     0x00000540   Section        0  port.o(i.vPortEnterCritical)
    i.vPortExitCritical                      0x00000564   Section        0  port.o(i.vPortExitCritical)
    i.vPortSetupTimerInterrupt               0x00000584   Section        0  port.o(i.vPortSetupTimerInterrupt)
    i.vTaskDelay                             0x00000598   Section        0  task.o(i.vTaskDelay)
    i.vTaskStartScheduler                    0x000005d0   Section        0  task.o(i.vTaskStartScheduler)
    i.vTaskSwitchContext                     0x00000618   Section        0  task.o(i.vTaskSwitchContext)
    i.xPortStartScheduler                    0x0000065c   Section        0  port.o(i.xPortStartScheduler)
    i.xTaskCreateStatic                      0x00000684   Section        0  task.o(i.xTaskCreateStatic)
    i.xTaskIncrementTick                     0x000006c8   Section        0  task.o(i.xTaskIncrementTick)
    .data                                    0x20000000   Section       12  main.o(.data)
    .data                                    0x2000000c   Section        4  port.o(.data)
    uxCriticalNesting                        0x2000000c   Data           4  port.o(.data)
    .data                                    0x20000010   Section       24  task.o(.data)
    xIdleTaskHandle                          0x20000014   Data           4  task.o(.data)
    xTickCount                               0x20000018   Data           4  task.o(.data)
    uxTopReadyPriority                       0x2000001c   Data           4  task.o(.data)
    uxCurrentNumberOfTasks                   0x20000020   Data           4  task.o(.data)
    uxTaskNumber                             0x20000024   Data           4  task.o(.data)
    .data                                    0x20000028   Section        4  system_armcm3.o(.data)
    .bss                                     0x2000002c   Section     1712  main.o(.bss)
    .bss                                     0x200006dc   Section      100  task.o(.bss)
    .bss                                     0x20000740   Section       96  libspace.o(.bss)
    HEAP                                     0x200007a0   Section     3072  startup_armcm3.o(HEAP)
    Heap_Mem                                 0x200007a0   Data        3072  startup_armcm3.o(HEAP)
    STACK                                    0x200013a0   Section     1024  startup_armcm3.o(STACK)
    Stack_Mem                                0x200013a0   Data        1024  startup_armcm3.o(STACK)
    __initial_sp                             0x200017a0   Data           0  startup_armcm3.o(STACK)

    Global Symbols

    Symbol Name                              Value     Ov Type        Size  Object(Section)

    BuildAttributes$$THM_ISAv4$P$D$K$B$S$PE$A:L22UL41UL21$X:L11$S22US41US21$IEEE1$IW$USESV6$~STKCKD$USESV7$~SHL$OSPACE$ROPI$EBA8$UX$STANDARDLIB$REQ8$PRES8$EABIv2 0x00000000   Number         0  anon$$obj.o ABSOLUTE
    __ARM_use_no_argv                        0x00000000   Number         0  main.o ABSOLUTE
    __Vectors                                0x00000000   Data           4  startup_armcm3.o(RESET)
    __ARM_exceptions_init                     - Undefined Weak Reference
    __alloca_initialize                       - Undefined Weak Reference
    __arm_fini_                               - Undefined Weak Reference
    __arm_preinit_                            - Undefined Weak Reference
    __cpp_initialize__aeabi_                  - Undefined Weak Reference
    __cxa_finalize                            - Undefined Weak Reference
    __rt_locale                               - Undefined Weak Reference
    __sigvec_lookup                           - Undefined Weak Reference
    _atexit_init                              - Undefined Weak Reference
    _call_atexit_fns                          - Undefined Weak Reference
    _clock_init                               - Undefined Weak Reference
    _fp_trap_init                             - Undefined Weak Reference
    _fp_trap_shutdown                         - Undefined Weak Reference
    _get_lc_collate                           - Undefined Weak Reference
    _get_lc_ctype                             - Undefined Weak Reference
    _get_lc_monetary                          - Undefined Weak Reference
    _get_lc_numeric                           - Undefined Weak Reference
    _get_lc_time                              - Undefined Weak Reference
    _getenv_init                              - Undefined Weak Reference
    _handle_redirection                       - Undefined Weak Reference
    _init_alloc                               - Undefined Weak Reference
    _init_user_alloc                          - Undefined Weak Reference
    _initio                                   - Undefined Weak Reference
    _rand_init                                - Undefined Weak Reference
    _signal_finish                            - Undefined Weak Reference
    _signal_init                              - Undefined Weak Reference
    _terminate_alloc                          - Undefined Weak Reference
    _terminate_user_alloc                     - Undefined Weak Reference
    _terminateio                              - Undefined Weak Reference
    __Vectors_End                            0x000000c0   Data           0  startup_armcm3.o(RESET)
    __Vectors_Size                           0x000000c0   Number         0  startup_armcm3.o ABSOLUTE
    __main                                   0x000000c1   Thumb Code     8  __main.o(!!!main)
    __scatterload                            0x000000c9   Thumb Code     0  __scatter.o(!!!scatter)
    __scatterload_rt2                        0x000000c9   Thumb Code    44  __scatter.o(!!!scatter)
    __scatterload_rt2_thumb_only             0x000000c9   Thumb Code     0  __scatter.o(!!!scatter)
    __scatterload_null                       0x000000d7   Thumb Code     0  __scatter.o(!!!scatter)
    __scatterload_copy                       0x000000fd   Thumb Code    26  __scatter_copy.o(!!handler_copy)
    __scatterload_zeroinit                   0x00000119   Thumb Code    28  __scatter_zi.o(!!handler_zi)
    __rt_lib_init                            0x00000135   Thumb Code     0  libinit.o(.ARM.Collect$$libinit$$00000000)
    __rt_lib_init_alloca_1                   0x00000137   Thumb Code     0  libinit2.o(.ARM.Collect$$libinit$$0000002E)
    __rt_lib_init_argv_1                     0x00000137   Thumb Code     0  libinit2.o(.ARM.Collect$$libinit$$0000002C)
    __rt_lib_init_atexit_1                   0x00000137   Thumb Code     0  libinit2.o(.ARM.Collect$$libinit$$0000001B)
    __rt_lib_init_clock_1                    0x00000137   Thumb Code     0  libinit2.o(.ARM.Collect$$libinit$$00000021)
    __rt_lib_init_cpp_1                      0x00000137   Thumb Code     0  libinit2.o(.ARM.Collect$$libinit$$00000032)
    __rt_lib_init_exceptions_1               0x00000137   Thumb Code     0  libinit2.o(.ARM.Collect$$libinit$$00000030)
    __rt_lib_init_fp_1                       0x00000137   Thumb Code     0  libinit2.o(.ARM.Collect$$libinit$$00000002)
    __rt_lib_init_fp_trap_1                  0x00000137   Thumb Code     0  libinit2.o(.ARM.Collect$$libinit$$0000001F)
    __rt_lib_init_getenv_1                   0x00000137   Thumb Code     0  libinit2.o(.ARM.Collect$$libinit$$00000023)
    __rt_lib_init_heap_1                     0x00000137   Thumb Code     0  libinit2.o(.ARM.Collect$$libinit$$0000000A)
    __rt_lib_init_lc_collate_1               0x00000137   Thumb Code     0  libinit2.o(.ARM.Collect$$libinit$$00000011)
    __rt_lib_init_lc_ctype_1                 0x00000137   Thumb Code     0  libinit2.o(.ARM.Collect$$libinit$$00000013)
    __rt_lib_init_lc_monetary_1              0x00000137   Thumb Code     0  libinit2.o(.ARM.Collect$$libinit$$00000015)
    __rt_lib_init_lc_numeric_1               0x00000137   Thumb Code     0  libinit2.o(.ARM.Collect$$libinit$$00000017)
    __rt_lib_init_lc_time_1                  0x00000137   Thumb Code     0  libinit2.o(.ARM.Collect$$libinit$$00000019)
    __rt_lib_init_preinit_1                  0x00000137   Thumb Code     0  libinit2.o(.ARM.Collect$$libinit$$00000004)
    __rt_lib_init_rand_1                     0x00000137   Thumb Code     0  libinit2.o(.ARM.Collect$$libinit$$0000000E)
    __rt_lib_init_return                     0x00000137   Thumb Code     0  libinit2.o(.ARM.Collect$$libinit$$00000033)
    __rt_lib_init_signal_1                   0x00000137   Thumb Code     0  libinit2.o(.ARM.Collect$$libinit$$0000001D)
    __rt_lib_init_stdio_1                    0x00000137   Thumb Code     0  libinit2.o(.ARM.Collect$$libinit$$00000025)
    __rt_lib_init_user_alloc_1               0x00000137   Thumb Code     0  libinit2.o(.ARM.Collect$$libinit$$0000000C)
    __rt_lib_shutdown                        0x00000139   Thumb Code     0  libshutdown.o(.ARM.Collect$$libshutdown$$00000000)
    __rt_lib_shutdown_cpp_1                  0x0000013b   Thumb Code     0  libshutdown2.o(.ARM.Collect$$libshutdown$$00000004)
    __rt_lib_shutdown_fini_1                 0x0000013b   Thumb Code     0  libshutdown2.o(.ARM.Collect$$libshutdown$$00000002)
    __rt_lib_shutdown_fp_trap_1              0x0000013b   Thumb Code     0  libshutdown2.o(.ARM.Collect$$libshutdown$$00000009)
    __rt_lib_shutdown_heap_1                 0x0000013b   Thumb Code     0  libshutdown2.o(.ARM.Collect$$libshutdown$$00000011)
    __rt_lib_shutdown_return                 0x0000013b   Thumb Code     0  libshutdown2.o(.ARM.Collect$$libshutdown$$00000012)
    __rt_lib_shutdown_signal_1               0x0000013b   Thumb Code     0  libshutdown2.o(.ARM.Collect$$libshutdown$$0000000C)
    __rt_lib_shutdown_stdio_1                0x0000013b   Thumb Code     0  libshutdown2.o(.ARM.Collect$$libshutdown$$00000006)
    __rt_lib_shutdown_user_alloc_1           0x0000013b   Thumb Code     0  libshutdown2.o(.ARM.Collect$$libshutdown$$0000000E)
    __rt_entry                               0x0000013d   Thumb Code     0  __rtentry.o(.ARM.Collect$$rtentry$$00000000)
    __rt_entry_presh_1                       0x0000013d   Thumb Code     0  __rtentry2.o(.ARM.Collect$$rtentry$$00000002)
    __rt_entry_sh                            0x0000013d   Thumb Code     0  __rtentry4.o(.ARM.Collect$$rtentry$$00000004)
    __rt_entry_li                            0x00000143   Thumb Code     0  __rtentry2.o(.ARM.Collect$$rtentry$$0000000A)
    __rt_entry_postsh_1                      0x00000143   Thumb Code     0  __rtentry2.o(.ARM.Collect$$rtentry$$00000009)
    __rt_entry_main                          0x00000147   Thumb Code     0  __rtentry2.o(.ARM.Collect$$rtentry$$0000000D)
    __rt_entry_postli_1                      0x00000147   Thumb Code     0  __rtentry2.o(.ARM.Collect$$rtentry$$0000000C)
    __rt_exit                                0x0000014f   Thumb Code     0  rtexit.o(.ARM.Collect$$rtexit$$00000000)
    __rt_exit_ls                             0x00000151   Thumb Code     0  rtexit2.o(.ARM.Collect$$rtexit$$00000003)
    __rt_exit_prels_1                        0x00000151   Thumb Code     0  rtexit2.o(.ARM.Collect$$rtexit$$00000002)
    __rt_exit_exit                           0x00000155   Thumb Code     0  rtexit2.o(.ARM.Collect$$rtexit$$00000004)
    prvStartFirstTask                        0x0000015d   Thumb Code    28  port.o(.emb_text)
    SVC_Handler                              0x0000017d   Thumb Code    32  port.o(.emb_text)
    PendSV_Handler                           0x000001a1   Thumb Code    72  port.o(.emb_text)
    Reset_Handler                            0x000001ed   Thumb Code     8  startup_armcm3.o(.text)
    NMI_Handler                              0x000001f5   Thumb Code     2  startup_armcm3.o(.text)
    HardFault_Handler                        0x000001f7   Thumb Code     2  startup_armcm3.o(.text)
    MemManage_Handler                        0x000001f9   Thumb Code     2  startup_armcm3.o(.text)
    BusFault_Handler                         0x000001fb   Thumb Code     2  startup_armcm3.o(.text)
    UsageFault_Handler                       0x000001fd   Thumb Code     2  startup_armcm3.o(.text)
    DebugMon_Handler                         0x00000201   Thumb Code     2  startup_armcm3.o(.text)
    AACI_IRQHandler                          0x00000207   Thumb Code     0  startup_armcm3.o(.text)
    CAN_IRQHandler                           0x00000207   Thumb Code     0  startup_armcm3.o(.text)
    CHLCD_IRQHandler                         0x00000207   Thumb Code     0  startup_armcm3.o(.text)
    CLCD_IRQHandler                          0x00000207   Thumb Code     0  startup_armcm3.o(.text)
    CPU_CLCD_IRQHandler                      0x00000207   Thumb Code     0  startup_armcm3.o(.text)
    ENET_IRQHandler                          0x00000207   Thumb Code     0  startup_armcm3.o(.text)
    FLEXRAY_IRQHandler                       0x00000207   Thumb Code     0  startup_armcm3.o(.text)
    I2C_IRQHandler                           0x00000207   Thumb Code     0  startup_armcm3.o(.text)
    LIN_IRQHandler                           0x00000207   Thumb Code     0  startup_armcm3.o(.text)
    MCIA_IRQHandler                          0x00000207   Thumb Code     0  startup_armcm3.o(.text)
    MCIB_IRQHandler                          0x00000207   Thumb Code     0  startup_armcm3.o(.text)
    RTC_IRQHandler                           0x00000207   Thumb Code     0  startup_armcm3.o(.text)
    SPI_IRQHandler                           0x00000207   Thumb Code     0  startup_armcm3.o(.text)
    TIM0_IRQHandler                          0x00000207   Thumb Code     0  startup_armcm3.o(.text)
    TIM2_IRQHandler                          0x00000207   Thumb Code     0  startup_armcm3.o(.text)
    UART0_IRQHandler                         0x00000207   Thumb Code     0  startup_armcm3.o(.text)
    UART1_IRQHandler                         0x00000207   Thumb Code     0  startup_armcm3.o(.text)
    UART2_IRQHandler                         0x00000207   Thumb Code     0  startup_armcm3.o(.text)
    UART3_IRQHandler                         0x00000207   Thumb Code     0  startup_armcm3.o(.text)
    UART4_IRQHandler                         0x00000207   Thumb Code     0  startup_armcm3.o(.text)
    USBDC_IRQHandler                         0x00000207   Thumb Code     0  startup_armcm3.o(.text)
    USBHC_IRQHandler                         0x00000207   Thumb Code     0  startup_armcm3.o(.text)
    WDT_IRQHandler                           0x00000207   Thumb Code     0  startup_armcm3.o(.text)
    __user_initial_stackheap                 0x00000209   Thumb Code    10  startup_armcm3.o(.text)
    __use_two_region_memory                  0x0000022d   Thumb Code     2  heapauxi.o(.text)
    __rt_heap_escrow$2region                 0x0000022f   Thumb Code     2  heapauxi.o(.text)
    __rt_heap_expand$2region                 0x00000231   Thumb Code     2  heapauxi.o(.text)
    __user_setup_stackheap                   0x00000233   Thumb Code    74  sys_stackheap_outer.o(.text)
    exit                                     0x0000027d   Thumb Code    18  exit.o(.text)
    __user_libspace                          0x00000291   Thumb Code     8  libspace.o(.text)
    __user_perproc_libspace                  0x00000291   Thumb Code     0  libspace.o(.text)
    __user_perthread_libspace                0x00000291   Thumb Code     0  libspace.o(.text)
    _sys_exit                                0x00000299   Thumb Code     8  sys_exit.o(.text)
    __I$use$semihosting                      0x000002a5   Thumb Code     0  use_no_semi.o(.text)
    __use_no_semihosting_swi                 0x000002a5   Thumb Code     2  use_no_semi.o(.text)
    SysTick_Handler                          0x000002a7   Thumb Code    36  port.o(i.SysTick_Handler)
    __semihosting_library_function           0x000002a7   Thumb Code     0  indicate_semi.o(.text)
    SystemInit                               0x000002cd   Thumb Code    14  system_armcm3.o(i.SystemInit)
    Task1_Entry                              0x000002ed   Thumb Code    28  main.o(i.Task1_Entry)
    Task2_Entry                              0x0000030d   Thumb Code    28  main.o(i.Task2_Entry)
    main                                     0x0000032d   Thumb Code    84  main.o(i.main)
    prvInitialiseTaskLists                   0x000004a9   Thumb Code    28  task.o(i.prvInitialiseTaskLists)
    pxPortInitialiseStack                    0x000004cd   Thumb Code    30  port.o(i.pxPortInitialiseStack)
    vApplicationGetIdleTaskMemory            0x000004f1   Thumb Code    14  main.o(i.vApplicationGetIdleTaskMemory)
    vListInitialise                          0x00000509   Thumb Code    26  list.o(i.vListInitialise)
    vListInitialiseItem                      0x00000523   Thumb Code     6  list.o(i.vListInitialiseItem)
    vListInsertEnd                           0x00000529   Thumb Code    24  list.o(i.vListInsertEnd)
    vPortEnterCritical                       0x00000541   Thumb Code    30  port.o(i.vPortEnterCritical)
    vPortExitCritical                        0x00000565   Thumb Code    28  port.o(i.vPortExitCritical)
    vPortSetupTimerInterrupt                 0x00000585   Thumb Code    14  port.o(i.vPortSetupTimerInterrupt)
    vTaskDelay                               0x00000599   Thumb Code    44  task.o(i.vTaskDelay)
    vTaskStartScheduler                      0x000005d1   Thumb Code    56  task.o(i.vTaskStartScheduler)
    vTaskSwitchContext                       0x00000619   Thumb Code    54  task.o(i.vTaskSwitchContext)
    xPortStartScheduler                      0x0000065d   Thumb Code    36  port.o(i.xPortStartScheduler)
    xTaskCreateStatic                        0x00000685   Thumb Code    66  task.o(i.xTaskCreateStatic)
    xTaskIncrementTick                       0x000006c9   Thumb Code    90  task.o(i.xTaskIncrementTick)
    Region$$Table$$Base                      0x00000734   Number         0  anon$$obj.o(Region$$Table)
    Region$$Table$$Limit                     0x00000754   Number         0  anon$$obj.o(Region$$Table)
    flag1                                    0x20000000   Data           1  main.o(.data)
    flag2                                    0x20000001   Data           1  main.o(.data)
    Task1_Handle                             0x20000004   Data           4  main.o(.data)
    Task2_Handle                             0x20000008   Data           4  main.o(.data)
    pxCurrentTCB                             0x20000010   Data           4  task.o(.data)
    SystemCoreClock                          0x20000028   Data           4  system_armcm3.o(.data)
    xStateListItem                           0x2000002c   Data          20  main.o(.bss)
    Task1Stack                               0x20000040   Data         512  main.o(.bss)
    Task1TCB                                 0x20000240   Data          52  main.o(.bss)
    Task2Stack                               0x20000274   Data         512  main.o(.bss)
    Task2TCB                                 0x20000474   Data          52  main.o(.bss)
    IdleTaskStack                            0x200004a8   Data         512  main.o(.bss)
    IdleTaskTCB                              0x200006a8   Data          52  main.o(.bss)
    pxReadyTasksLists                        0x200006dc   Data         100  task.o(.bss)
    __libspace_start                         0x20000740   Data          96  libspace.o(.bss)
    __temporary_stack_top$libspace           0x200007a0   Data           0  libspace.o(.bss)



==============================================================================

Memory Map of the image

  Image Entry point : 0x000000c1

  Load Region LR_IROM1 (Base: 0x00000000, Size: 0x00000780, Max: 0x00040000, ABSOLUTE)

    Execution Region ER_IROM1 (Exec base: 0x00000000, Load base: 0x00000000, Size: 0x00000754, Max: 0x00040000, ABSOLUTE)

    Exec Addr    Load Addr    Size         Type   Attr      Idx    E Section Name        Object

    0x00000000   0x00000000   0x000000c0   Data   RO          285    RESET               startup_armcm3.o
    0x000000c0   0x000000c0   0x00000008   Code   RO          331  * !!!main             c_w.l(__main.o)
    0x000000c8   0x000000c8   0x00000034   Code   RO          490    !!!scatter          c_w.l(__scatter.o)
    0x000000fc   0x000000fc   0x0000001a   Code   RO          492    !!handler_copy      c_w.l(__scatter_copy.o)
    0x00000116   0x00000116   0x00000002   PAD
    0x00000118   0x00000118   0x0000001c   Code   RO          494    !!handler_zi        c_w.l(__scatter_zi.o)
    0x00000134   0x00000134   0x00000002   Code   RO          358    .ARM.Collect$$libinit$$00000000  c_w.l(libinit.o)
    0x00000136   0x00000136   0x00000000   Code   RO          365    .ARM.Collect$$libinit$$00000002  c_w.l(libinit2.o)
    0x00000136   0x00000136   0x00000000   Code   RO          367    .ARM.Collect$$libinit$$00000004  c_w.l(libinit2.o)
    0x00000136   0x00000136   0x00000000   Code   RO          370    .ARM.Collect$$libinit$$0000000A  c_w.l(libinit2.o)
    0x00000136   0x00000136   0x00000000   Code   RO          372    .ARM.Collect$$libinit$$0000000C  c_w.l(libinit2.o)
    0x00000136   0x00000136   0x00000000   Code   RO          374    .ARM.Collect$$libinit$$0000000E  c_w.l(libinit2.o)
    0x00000136   0x00000136   0x00000000   Code   RO          377    .ARM.Collect$$libinit$$00000011  c_w.l(libinit2.o)
    0x00000136   0x00000136   0x00000000   Code   RO          379    .ARM.Collect$$libinit$$00000013  c_w.l(libinit2.o)
    0x00000136   0x00000136   0x00000000   Code   RO          381    .ARM.Collect$$libinit$$00000015  c_w.l(libinit2.o)
    0x00000136   0x00000136   0x00000000   Code   RO          383    .ARM.Collect$$libinit$$00000017  c_w.l(libinit2.o)
    0x00000136   0x00000136   0x00000000   Code   RO          385    .ARM.Collect$$libinit$$00000019  c_w.l(libinit2.o)
    0x00000136   0x00000136   0x00000000   Code   RO          387    .ARM.Collect$$libinit$$0000001B  c_w.l(libinit2.o)
    0x00000136   0x00000136   0x00000000   Code   RO          389    .ARM.Collect$$libinit$$0000001D  c_w.l(libinit2.o)
    0x00000136   0x00000136   0x00000000   Code   RO          391    .ARM.Collect$$libinit$$0000001F  c_w.l(libinit2.o)
    0x00000136   0x00000136   0x00000000   Code   RO          393    .ARM.Collect$$libinit$$00000021  c_w.l(libinit2.o)
    0x00000136   0x00000136   0x00000000   Code   RO          395    .ARM.Collect$$libinit$$00000023  c_w.l(libinit2.o)
    0x00000136   0x00000136   0x00000000   Code   RO          397    .ARM.Collect$$libinit$$00000025  c_w.l(libinit2.o)
    0x00000136   0x00000136   0x00000000   Code   RO          401    .ARM.Collect$$libinit$$0000002C  c_w.l(libinit2.o)
    0x00000136   0x00000136   0x00000000   Code   RO          403    .ARM.Collect$$libinit$$0000002E  c_w.l(libinit2.o)
    0x00000136   0x00000136   0x00000000   Code   RO          405    .ARM.Collect$$libinit$$00000030  c_w.l(libinit2.o)
    0x00000136   0x00000136   0x00000000   Code   RO          407    .ARM.Collect$$libinit$$00000032  c_w.l(libinit2.o)
    0x00000136   0x00000136   0x00000002   Code   RO          408    .ARM.Collect$$libinit$$00000033  c_w.l(libinit2.o)
    0x00000138   0x00000138   0x00000002   Code   RO          428    .ARM.Collect$$libshutdown$$00000000  c_w.l(libshutdown.o)
    0x0000013a   0x0000013a   0x00000000   Code   RO          441    .ARM.Collect$$libshutdown$$00000002  c_w.l(libshutdown2.o)
    0x0000013a   0x0000013a   0x00000000   Code   RO          443    .ARM.Collect$$libshutdown$$00000004  c_w.l(libshutdown2.o)
    0x0000013a   0x0000013a   0x00000000   Code   RO          445    .ARM.Collect$$libshutdown$$00000006  c_w.l(libshutdown2.o)
    0x0000013a   0x0000013a   0x00000000   Code   RO          448    .ARM.Collect$$libshutdown$$00000009  c_w.l(libshutdown2.o)
    0x0000013a   0x0000013a   0x00000000   Code   RO          451    .ARM.Collect$$libshutdown$$0000000C  c_w.l(libshutdown2.o)
    0x0000013a   0x0000013a   0x00000000   Code   RO          453    .ARM.Collect$$libshutdown$$0000000E  c_w.l(libshutdown2.o)
    0x0000013a   0x0000013a   0x00000000   Code   RO          456    .ARM.Collect$$libshutdown$$00000011  c_w.l(libshutdown2.o)
    0x0000013a   0x0000013a   0x00000002   Code   RO          457    .ARM.Collect$$libshutdown$$00000012  c_w.l(libshutdown2.o)
    0x0000013c   0x0000013c   0x00000000   Code   RO          333    .ARM.Collect$$rtentry$$00000000  c_w.l(__rtentry.o)
    0x0000013c   0x0000013c   0x00000000   Code   RO          335    .ARM.Collect$$rtentry$$00000002  c_w.l(__rtentry2.o)
    0x0000013c   0x0000013c   0x00000006   Code   RO          347    .ARM.Collect$$rtentry$$00000004  c_w.l(__rtentry4.o)
    0x00000142   0x00000142   0x00000000   Code   RO          337    .ARM.Collect$$rtentry$$00000009  c_w.l(__rtentry2.o)
    0x00000142   0x00000142   0x00000004   Code   RO          338    .ARM.Collect$$rtentry$$0000000A  c_w.l(__rtentry2.o)
    0x00000146   0x00000146   0x00000000   Code   RO          340    .ARM.Collect$$rtentry$$0000000C  c_w.l(__rtentry2.o)
    0x00000146   0x00000146   0x00000008   Code   RO          341    .ARM.Collect$$rtentry$$0000000D  c_w.l(__rtentry2.o)
    0x0000014e   0x0000014e   0x00000002   Code   RO          362    .ARM.Collect$$rtexit$$00000000  c_w.l(rtexit.o)
    0x00000150   0x00000150   0x00000000   Code   RO          410    .ARM.Collect$$rtexit$$00000002  c_w.l(rtexit2.o)
    0x00000150   0x00000150   0x00000004   Code   RO          411    .ARM.Collect$$rtexit$$00000003  c_w.l(rtexit2.o)
    0x00000154   0x00000154   0x00000006   Code   RO          412    .ARM.Collect$$rtexit$$00000004  c_w.l(rtexit2.o)
    0x0000015a   0x0000015a   0x00000002   PAD
    0x0000015c   0x0000015c   0x00000090   Code   RO           74    .emb_text           port.o
    0x000001ec   0x000001ec   0x00000040   Code   RO          286    .text               startup_armcm3.o
    0x0000022c   0x0000022c   0x00000006   Code   RO          329    .text               c_w.l(heapauxi.o)
    0x00000232   0x00000232   0x0000004a   Code   RO          349    .text               c_w.l(sys_stackheap_outer.o)
    0x0000027c   0x0000027c   0x00000012   Code   RO          351    .text               c_w.l(exit.o)
    0x0000028e   0x0000028e   0x00000002   PAD
    0x00000290   0x00000290   0x00000008   Code   RO          359    .text               c_w.l(libspace.o)
    0x00000298   0x00000298   0x0000000c   Code   RO          420    .text               c_w.l(sys_exit.o)
    0x000002a4   0x000002a4   0x00000002   Code   RO          431    .text               c_w.l(use_no_semi.o)
    0x000002a6   0x000002a6   0x00000000   Code   RO          433    .text               c_w.l(indicate_semi.o)
    0x000002a6   0x000002a6   0x00000024   Code   RO           75    i.SysTick_Handler   port.o
    0x000002ca   0x000002ca   0x00000002   PAD
    0x000002cc   0x000002cc   0x00000020   Code   RO          294    i.SystemInit        system_armcm3.o
    0x000002ec   0x000002ec   0x00000020   Code   RO            1    i.Task1_Entry       main.o
    0x0000030c   0x0000030c   0x00000020   Code   RO            2    i.Task2_Entry       main.o
    0x0000032c   0x0000032c   0x00000084   Code   RO            4    i.main              main.o
    0x000003b0   0x000003b0   0x00000084   Code   RO          218    i.prvAddNewTaskToReadyList  task.o
    0x00000434   0x00000434   0x00000004   Code   RO          219    i.prvIdleTask       task.o
    0x00000438   0x00000438   0x0000006e   Code   RO          220    i.prvInitialiseNewTask  task.o
    0x000004a6   0x000004a6   0x00000002   PAD
    0x000004a8   0x000004a8   0x00000020   Code   RO          221    i.prvInitialiseTaskLists  task.o
    0x000004c8   0x000004c8   0x00000004   Code   RO           76    i.prvTaskExitError  port.o
    0x000004cc   0x000004cc   0x00000024   Code   RO           77    i.pxPortInitialiseStack  port.o
    0x000004f0   0x000004f0   0x00000018   Code   RO            5    i.vApplicationGetIdleTaskMemory  main.o
    0x00000508   0x00000508   0x0000001a   Code   RO          174    i.vListInitialise   list.o
    0x00000522   0x00000522   0x00000006   Code   RO          175    i.vListInitialiseItem  list.o
    0x00000528   0x00000528   0x00000018   Code   RO          177    i.vListInsertEnd    list.o
    0x00000540   0x00000540   0x00000024   Code   RO           78    i.vPortEnterCritical  port.o
    0x00000564   0x00000564   0x00000020   Code   RO           79    i.vPortExitCritical  port.o
    0x00000584   0x00000584   0x00000014   Code   RO           80    i.vPortSetupTimerInterrupt  port.o
    0x00000598   0x00000598   0x00000038   Code   RO          222    i.vTaskDelay        task.o
    0x000005d0   0x000005d0   0x00000048   Code   RO          223    i.vTaskStartScheduler  task.o
    0x00000618   0x00000618   0x00000044   Code   RO          224    i.vTaskSwitchContext  task.o
    0x0000065c   0x0000065c   0x00000028   Code   RO           81    i.xPortStartScheduler  port.o
    0x00000684   0x00000684   0x00000042   Code   RO          225    i.xTaskCreateStatic  task.o
    0x000006c6   0x000006c6   0x00000002   PAD
    0x000006c8   0x000006c8   0x0000006c   Code   RO          226    i.xTaskIncrementTick  task.o
    0x00000734   0x00000734   0x00000020   Data   RO          488    Region$$Table       anon$$obj.o


    Execution Region RW_IRAM1 (Exec base: 0x20000000, Load base: 0x00000754, Size: 0x000017a0, Max: 0x00020000, ABSOLUTE)

    Exec Addr    Load Addr    Size         Type   Attr      Idx    E Section Name        Object

    0x20000000   0x00000754   0x0000000c   Data   RW            7    .data               main.o
    0x2000000c   0x00000760   0x00000004   Data   RW           82    .data               port.o
    0x20000010   0x00000764   0x00000018   Data   RW          228    .data               task.o
    0x20000028   0x0000077c   0x00000004   Data   RW          295    .data               system_armcm3.o
    0x2000002c        -       0x000006b0   Zero   RW            6    .bss                main.o
    0x200006dc        -       0x00000064   Zero   RW          227    .bss                task.o
    0x20000740        -       0x00000060   Zero   RW          360    .bss                c_w.l(libspace.o)
    0x200007a0        -       0x00000c00   Zero   RW          284    HEAP                startup_armcm3.o
    0x200013a0        -       0x00000400   Zero   RW          283    STACK               startup_armcm3.o


==============================================================================

Image component sizes


      Code (inc. data)   RO Data    RW Data    ZI Data      Debug   Object Name

        56          0          0          0          0       6137   list.o
       220         66          0         12       1712      13160   main.o
       348         38          0          4          0       7808   port.o
        64         26        192          0       4096        856   startup_armcm3.o
        32         18          0          4          0        711   system_armcm3.o
       648         86          0         24        100       7751   task.o

    ----------------------------------------------------------------------
      1374        234        224         44       5908      36423   Object Totals
         0          0         32          0          0          0   (incl. Generated)
         6          0          0          0          0          0   (incl. Padding)

    ----------------------------------------------------------------------

      Code (inc. data)   RO Data    RW Data    ZI Data      Debug   Library Member Name

         8          0          0          0          0         68   __main.o
         0          0          0          0          0          0   __rtentry.o
        12          0          0          0          0          0   __rtentry2.o
         6          0          0          0          0          0   __rtentry4.o
        52          8          0          0          0          0   __scatter.o
        26          0          0          0          0          0   __scatter_copy.o
        28          0          0          0          0          0   __scatter_zi.o
        18          0          0          0          0         80   exit.o
         6          0          0          0          0        152   heapauxi.o
         0          0          0          0          0          0   indicate_semi.o
         2          0          0          0          0          0   libinit.o
         2          0          0          0          0          0   libinit2.o
         2          0          0          0          0          0   libshutdown.o
         2          0          0          0          0          0   libshutdown2.o
         8          4          0          0         96         68   libspace.o
         2          0          0          0          0          0   rtexit.o
        10          0          0          0          0          0   rtexit2.o
        12          4          0          0          0         68   sys_exit.o
        74          0          0          0          0         80   sys_stackheap_outer.o
         2          0          0          0          0         68   use_no_semi.o

    ----------------------------------------------------------------------
       278         16          0          0         96        584   Library Totals
         6          0          0          0          0          0   (incl. Padding)

    ----------------------------------------------------------------------

      Code (inc. data)   RO Data    RW Data    ZI Data      Debug   Library Name

       272         16          0          0         96        584   c_w.l

    ----------------------------------------------------------------------
       278         16          0          0         96        584   Library Totals

    ----------------------------------------------------------------------

==============================================================================


      Code (inc. data)   RO Data    RW Data    ZI Data      Debug   

      1652        250        224         44       6004      35703   Grand Totals
      1652        250        224         44       6004      35703   ELF Image Totals
      1652        250        224         44          0          0   ROM Totals

==============================================================================

    Total RO  Size (Code + RO Data)                 1876 (   1.83kB)
    Total RW  Size (RW Data + ZI Data)              6048 (   5.91kB)
    Total ROM Size (Code + RO Data + RW Data)       1920 (   1.88kB)

==============================================================================

