Component: ARM Compiler 5.06 update 7 (build 960) Tool: armlink [4d3601]

==============================================================================

Section Cross References

    startup_stm32f10x_hd.o(STACK) refers (Special) to heapauxi.o(.text) for __use_two_region_memory
    startup_stm32f10x_hd.o(HEAP) refers (Special) to heapauxi.o(.text) for __use_two_region_memory
    startup_stm32f10x_hd.o(RESET) refers (Special) to heapauxi.o(.text) for __use_two_region_memory
    startup_stm32f10x_hd.o(RESET) refers to startup_stm32f10x_hd.o(STACK) for __initial_sp
    startup_stm32f10x_hd.o(RESET) refers to startup_stm32f10x_hd.o(.text) for Reset_Handler
    startup_stm32f10x_hd.o(RESET) refers to stm32f10x_it.o(i.NMI_Handler) for NMI_Handler
    startup_stm32f10x_hd.o(RESET) refers to stm32f10x_it.o(i.HardFault_Handler) for HardFault_Handler
    startup_stm32f10x_hd.o(RESET) refers to stm32f10x_it.o(i.MemManage_Handler) for MemManage_Handler
    startup_stm32f10x_hd.o(RESET) refers to stm32f10x_it.o(i.BusFault_Handler) for BusFault_Handler
    startup_stm32f10x_hd.o(RESET) refers to stm32f10x_it.o(i.UsageFault_Handler) for UsageFault_Handler
    startup_stm32f10x_hd.o(RESET) refers to port.o(.emb_text) for SVC_Handler
    startup_stm32f10x_hd.o(RESET) refers to stm32f10x_it.o(i.DebugMon_Handler) for DebugMon_Handler
    startup_stm32f10x_hd.o(RESET) refers to delay.o(i.SysTick_Handler) for SysTick_Handler
    startup_stm32f10x_hd.o(.text) refers (Special) to heapauxi.o(.text) for __use_two_region_memory
    startup_stm32f10x_hd.o(.text) refers to system_stm32f10x.o(i.SystemInit) for SystemInit
    startup_stm32f10x_hd.o(.text) refers to __main.o(!!!main) for __main
    startup_stm32f10x_hd.o(.text) refers to startup_stm32f10x_hd.o(HEAP) for Heap_Mem
    startup_stm32f10x_hd.o(.text) refers to startup_stm32f10x_hd.o(STACK) for Stack_Mem
    main.o(i.main) refers to misc.o(i.NVIC_PriorityGroupConfig) for NVIC_PriorityGroupConfig
    main.o(i.main) refers to delay.o(i.SysTick_Init) for SysTick_Init
    main.o(i.main) refers to usart.o(i.USART1_Init) for USART1_Init
    main.o(i.main) refers to led.o(i.LED_Init) for LED_Init
    main.o(i.main) refers to malloc.o(i.my_mem_init) for my_mem_init
    main.o(i.main) refers to freertos_demo.o(i.freeRTOS_demo) for freeRTOS_demo
    system_stm32f10x.o(i.SetSysClock) refers to system_stm32f10x.o(i.SetSysClockTo72) for SetSysClockTo72
    system_stm32f10x.o(i.SystemCoreClockUpdate) refers to system_stm32f10x.o(.data) for SystemCoreClock
    system_stm32f10x.o(i.SystemInit) refers to system_stm32f10x.o(i.SetSysClock) for SetSysClock
    delay.o(i.SysTick_Handler) refers to tasks.o(i.xTaskGetSchedulerState) for xTaskGetSchedulerState
    delay.o(i.SysTick_Handler) refers to port.o(i.xPortSysTickHandler) for xPortSysTickHandler
    delay.o(i.SysTick_Init) refers to delay.o(.data) for g_fac_us
    delay.o(i.delay_ms) refers to delay.o(i.delay_us) for delay_us
    delay.o(i.delay_us) refers to delay.o(.data) for g_fac_us
    usart.o(i.USART1_Init) refers (Special) to use_no_semi_2.o(.text) for __use_no_semihosting
    usart.o(i.USART1_Init) refers to stm32f10x_rcc.o(i.RCC_APB2PeriphClockCmd) for RCC_APB2PeriphClockCmd
    usart.o(i.USART1_Init) refers to stm32f10x_gpio.o(i.GPIO_Init) for GPIO_Init
    usart.o(i.USART1_Init) refers to stm32f10x_usart.o(i.USART_Init) for USART_Init
    usart.o(i.USART1_Init) refers to stm32f10x_usart.o(i.USART_Cmd) for USART_Cmd
    usart.o(i._sys_exit) refers (Special) to use_no_semi_2.o(.text) for __use_no_semihosting
    usart.o(i.fputc) refers (Special) to use_no_semi_2.o(.text) for __use_no_semihosting
    usart.o(.data) refers (Special) to use_no_semi_2.o(.text) for __use_no_semihosting
    stm32f10x_rcc.o(i.RCC_GetClocksFreq) refers to stm32f10x_rcc.o(.data) for APBAHBPrescTable
    stm32f10x_rcc.o(i.RCC_WaitForHSEStartUp) refers to stm32f10x_rcc.o(i.RCC_GetFlagStatus) for RCC_GetFlagStatus
    stm32f10x_gpio.o(i.GPIO_AFIODeInit) refers to stm32f10x_rcc.o(i.RCC_APB2PeriphResetCmd) for RCC_APB2PeriphResetCmd
    stm32f10x_gpio.o(i.GPIO_DeInit) refers to stm32f10x_rcc.o(i.RCC_APB2PeriphResetCmd) for RCC_APB2PeriphResetCmd
    stm32f10x_usart.o(i.USART_DeInit) refers to stm32f10x_rcc.o(i.RCC_APB2PeriphResetCmd) for RCC_APB2PeriphResetCmd
    stm32f10x_usart.o(i.USART_DeInit) refers to stm32f10x_rcc.o(i.RCC_APB1PeriphResetCmd) for RCC_APB1PeriphResetCmd
    stm32f10x_usart.o(i.USART_Init) refers to stm32f10x_rcc.o(i.RCC_GetClocksFreq) for RCC_GetClocksFreq
    led.o(i.LED_Init) refers to stm32f10x_rcc.o(i.RCC_APB2PeriphClockCmd) for RCC_APB2PeriphClockCmd
    led.o(i.LED_Init) refers to stm32f10x_gpio.o(i.GPIO_Init) for GPIO_Init
    led.o(i.LED_Init) refers to stm32f10x_gpio.o(i.GPIO_SetBits) for GPIO_SetBits
    malloc.o(i.my_mem_free) refers to malloc.o(.data) for mallco_dev
    malloc.o(i.my_mem_free) refers to malloc.o(.constdata) for memsize
    malloc.o(i.my_mem_init) refers to malloc.o(i.my_memset) for my_memset
[...]
    .ARM.Collect$$_printf_percent$$00000000  0x080001a4   Section        0  _printf_percent.o(.ARM.Collect$$_printf_percent$$00000000)
    .ARM.Collect$$_printf_percent$$00000009  0x080001a4   Section        6  _printf_d.o(.ARM.Collect$$_printf_percent$$00000009)
    .ARM.Collect$$_printf_percent$$0000000A  0x080001aa   Section        6  _printf_u.o(.ARM.Collect$$_printf_percent$$0000000A)
    .ARM.Collect$$_printf_percent$$0000000C  0x080001b0   Section        6  _printf_x.o(.ARM.Collect$$_printf_percent$$0000000C)
    .ARM.Collect$$_printf_percent$$00000013  0x080001b6   Section        6  _printf_c.o(.ARM.Collect$$_printf_percent$$00000013)
    .ARM.Collect$$_printf_percent$$00000014  0x080001bc   Section        6  _printf_s.o(.ARM.Collect$$_printf_percent$$00000014)
    .ARM.Collect$$_printf_percent$$00000017  0x080001c2   Section        4  _printf_percent_end.o(.ARM.Collect$$_printf_percent$$00000017)
    .ARM.Collect$$libinit$$00000000          0x080001c6   Section        2  libinit.o(.ARM.Collect$$libinit$$00000000)
    .ARM.Collect$$libinit$$00000002          0x080001c8   Section        0  libinit2.o(.ARM.Collect$$libinit$$00000002)
    .ARM.Collect$$libinit$$00000004          0x080001c8   Section        0  libinit2.o(.ARM.Collect$$libinit$$00000004)
    .ARM.Collect$$libinit$$0000000A          0x080001c8   Section        0  libinit2.o(.ARM.Collect$$libinit$$0000000A)
    .ARM.Collect$$libinit$$0000000C          0x080001c8   Section        0  libinit2.o(.ARM.Collect$$libinit$$0000000C)
    .ARM.Collect$$libinit$$0000000E          0x080001c8   Section        0  libinit2.o(.ARM.Collect$$libinit$$0000000E)
    .ARM.Collect$$libinit$$00000011          0x080001c8   Section        0  libinit2.o(.ARM.Collect$$libinit$$00000011)
    .ARM.Collect$$libinit$$00000013          0x080001c8   Section        0  libinit2.o(.ARM.Collect$$libinit$$00000013)
    .ARM.Collect$$libinit$$00000015          0x080001c8   Section        0  libinit2.o(.ARM.Collect$$libinit$$00000015)
    .ARM.Collect$$libinit$$00000017          0x080001c8   Section        0  libinit2.o(.ARM.Collect$$libinit$$00000017)
    .ARM.Collect$$libinit$$00000019          0x080001c8   Section        0  libinit2.o(.ARM.Collect$$libinit$$00000019)
    .ARM.Collect$$libinit$$0000001B          0x080001c8   Section        0  libinit2.o(.ARM.Collect$$libinit$$0000001B)
    .ARM.Collect$$libinit$$0000001D          0x080001c8   Section        0  libinit2.o(.ARM.Collect$$libinit$$0000001D)
    .ARM.Collect$$libinit$$0000001F          0x080001c8   Section        0  libinit2.o(.ARM.Collect$$libinit$$0000001F)
    .ARM.Collect$$libinit$$00000021          0x080001c8   Section        0  libinit2.o(.ARM.Collect$$libinit$$00000021)
    .ARM.Collect$$libinit$$00000023          0x080001c8   Section        0  libinit2.o(.ARM.Collect$$libinit$$00000023)
    .ARM.Collect$$libinit$$00000025          0x080001c8   Section        0  libinit2.o(.ARM.Collect$$libinit$$00000025)
    .ARM.Collect$$libinit$$0000002C          0x080001c8   Section        0  libinit2.o(.ARM.Collect$$libinit$$0000002C)
    .ARM.Collect$$libinit$$0000002E          0x080001c8   Section        0  libinit2.o(.ARM.Collect$$libinit$$0000002E)
    .ARM.Collect$$libinit$$00000030          0x080001c8   Section        0  libinit2.o(.ARM.Collect$$libinit$$00000030)
    .ARM.Collect$$libinit$$00000032          0x080001c8   Section        0  libinit2.o(.ARM.Collect$$libinit$$00000032)
    .ARM.Collect$$libinit$$00000033          0x080001c8   Section        2  libinit2.o(.ARM.Collect$$libinit$$00000033)
    .ARM.Collect$$libshutdown$$00000000      0x080001ca   Section        2  libshutdown.o(.ARM.Collect$$libshutdown$$00000000)
    .ARM.Collect$$libshutdown$$00000002      0x080001cc   Section        0  libshutdown2.o(.ARM.Collect$$libshutdown$$00000002)
    .ARM.Collect$$libshutdown$$00000004      0x080001cc   Section        0  libshutdown2.o(.ARM.Collect$$libshutdown$$00000004)
    .ARM.Collect$$libshutdown$$00000006      0x080001cc   Section        0  libshutdown2.o(.ARM.Collect$$libshutdown$$00000006)
    .ARM.Collect$$libshutdown$$00000009      0x080001cc   Section        0  libshutdown2.o(.ARM.Collect$$libshutdown$$00000009)
    .ARM.Collect$$libshutdown$$0000000C      0x080001cc   Section        0  libshutdown2.o(.ARM.Collect$$libshutdown$$0000000C)
    .ARM.Collect$$libshutdown$$0000000E      0x080001cc   Section        0  libshutdown2.o(.ARM.Collect$$libshutdown$$0000000E)
    .ARM.Collect$$libshutdown$$00000011      0x080001cc   Section        0  libshutdown2.o(.ARM.Collect$$libshutdown$$00000011)
    .ARM.Collect$$libshutdown$$00000012      0x080001cc   Section        2  libshutdown2.o(.ARM.Collect$$libshutdown$$00000012)
    .ARM.Collect$$rtentry$$00000000          0x080001ce   Section        0  __rtentry.o(.ARM.Collect$$rtentry$$00000000)
    .ARM.Collect$$rtentry$$00000002          0x080001ce   Section        0  __rtentry2.o(.ARM.Collect$$rtentry$$00000002)
    .ARM.Collect$$rtentry$$00000004          0x080001ce   Section        6  __rtentry4.o(.ARM.Collect$$rtentry$$00000004)
    .ARM.Collect$$rtentry$$00000009          0x080001d4   Section        0  __rtentry2.o(.ARM.Collect$$rtentry$$00000009)
    .ARM.Collect$$rtentry$$0000000A          0x080001d4   Section        4  __rtentry2.o(.ARM.Collect$$rtentry$$0000000A)
    .ARM.Collect$$rtentry$$0000000C          0x080001d8   Section        0  __rtentry2.o(.ARM.Collect$$rtentry$$0000000C)
    .ARM.Collect$$rtentry$$0000000D          0x080001d8   Section        8  __rtentry2.o(.ARM.Collect$$rtentry$$0000000D)
    .ARM.Collect$$rtexit$$00000000           0x080001e0   Section        2  rtexit.o(.ARM.Collect$$rtexit$$00000000)
    .ARM.Collect$$rtexit$$00000002           0x080001e2   Section        0  rtexit2.o(.ARM.Collect$$rtexit$$00000002)
    .ARM.Collect$$rtexit$$00000003           0x080001e2   Section        4  rtexit2.o(.ARM.Collect$$rtexit$$00000003)
    .ARM.Collect$$rtexit$$00000004           0x080001e6   Section        6  rtexit2.o(.ARM.Collect$$rtexit$$00000004)
    .emb_text                                0x080001ec   Section      150  port.o(.emb_text)
    .text                                    0x08000284   Section       64  startup_stm32f10x_hd.o(.text)
    .text                                    0x080002c4   Section        2  use_no_semi_2.o(.text)
    .text                                    0x080002c8   Section        0  noretval__2printf.o(.text)
    .text                                    0x080002e0   Section        0  noretval__2sprintf.o(.text)
    .text                                    0x08000308   Section        0  _printf_str.o(.text)
    .text                                    0x0800035c   Section        0  _printf_dec.o(.text)
    .text                                    0x080003d4   Section        0  _printf_hex_int.o(.text)
    .text                                    0x0800042c   Section        0  __printf_flags_ss.o(.text)
    .text                                    0x08000518   Section        0  strcpy.o(.text)
    .text                                    0x08000560   Section        0  strlen.o(.text)
    .text                                    0x0800059e   Section      138  rt_memcpy_v6.o(.text)
    .text                                    0x08000628   Section       16  aeabi_memset.o(.text)
    .text                                    0x08000638   Section       78  rt_memclr_w.o(.text)
    .text                                    0x08000686   Section        0  heapauxi.o(.text)
    .text                                    0x0800068c   Section        2  use_no_semi.o(.text)
    .text                                    0x0800068e   Section        0  _printf_intcommon.o(.text)
    .text                                    0x08000740   Section        0  _printf_char_common.o(.text)
    _printf_input_char                       0x08000741   Thumb Code    10  _printf_char_common.o(.text)
    .text                                    0x08000770   Section        0  _sputc.o(.text)
    .text                                    0x0800077a   Section        0  _printf_char.o(.text)
    .text                                    0x080007a8   Section        0  _printf_char_file.o(.text)
    .text                                    0x080007cc   Section      100  rt_memcpy_w.o(.text)
    .text                                    0x08000830   Section       68  rt_memclr.o(.text)
    .text                                    0x08000874   Section        0  ferror.o(.text)
    .text                                    0x0800087c   Section       74  sys_stackheap_outer.o(.text)
    .text                                    0x080008c6   Section        0  exit.o(.text)
    .text                                    0x080008d8   Section        8  libspace.o(.text)
    i.BusFault_Handler                       0x080008e0   Section        0  stm32f10x_it.o(i.BusFault_Handler)
    i.DebugMon_Handler                       0x080008e4   Section        0  stm32f10x_it.o(i.DebugMon_Handler)
    i.GPIO_Init                              0x080008e6   Section        0  stm32f10x_gpio.o(i.GPIO_Init)
    i.GPIO_SetBits                           0x080009fc   Section        0  stm32f10x_gpio.o(i.GPIO_SetBits)
    i.HardFault_Handler                      0x08000a00   Section        0  stm32f10x_it.o(i.HardFault_Handler)
    i.LED_Init                               0x08000a04   Section        0  led.o(i.LED_Init)
    i.MemManage_Handler                      0x08000a58   Section        0  stm32f10x_it.o(i.MemManage_Handler)
    i.NMI_Handler                            0x08000a5c   Section        0  stm32f10x_it.o(i.NMI_Handler)
    i.NVIC_PriorityGroupConfig               0x08000a60   Section        0  misc.o(i.NVIC_PriorityGroupConfig)
    i.RCC_APB2PeriphClockCmd                 0x08000a74   Section        0  stm32f10x_rcc.o(i.RCC_APB2PeriphClockCmd)
    i.RCC_GetClocksFreq                      0x08000a94   Section        0  stm32f10x_rcc.o(i.RCC_GetClocksFreq)
    i.SetSysClock                            0x08000b68   Section        0  system_stm32f10x.o(i.SetSysClock)
    SetSysClock                              0x08000b69   Thumb Code     8  system_stm32f10x.o(i.SetSysClock)
    i.SetSysClockTo72                        0x08000b70   Section        0  system_stm32f10x.o(i.SetSysClockTo72)
    SetSysClockTo72                          0x08000b71   Thumb Code   214  system_stm32f10x.o(i.SetSysClockTo72)
    i.StartTaskCreate                        0x08000c50   Section        0  freertos_demo.o(i.StartTaskCreate)
    StartTaskCreate                          0x08000c51   Thumb Code   104  freertos_demo.o(i.StartTaskCreate)
    i.SysTick_Handler                        0x08000d3c   Section        0  delay.o(i.SysTick_Handler)
    i.SysTick_Init                           0x08000d4c   Section        0  delay.o(i.SysTick_Init)
    i.SystemInit                             0x08000da0   Section        0  system_stm32f10x.o(i.SystemInit)
    i.Task1                                  0x08000e00   Section        0  freertos_demo.o(i.Task1)
    Task1                                    0x08000e01   Thumb Code   292  freertos_demo.o(i.Task1)
    i.Task2                                  0x08001038   Section        0  freertos_demo.o(i.Task2)
    Task2                                    0x08001039   Thumb Code    36  freertos_demo.o(i.Task2)
    i.USART1_Init                            0x08001064   Section        0  usart.o(i.USART1_Init)
    i.USART_Cmd                              0x080010e4   Section        0  stm32f10x_usart.o(i.USART_Cmd)
    i.USART_Init                             0x080010fc   Section        0  stm32f10x_usart.o(i.USART_Init)
    i.UsageFault_Handler                     0x080011d4   Section        0  stm32f10x_it.o(i.UsageFault_Handler)
    i._sys_exit                              0x080011d8   Section        0  usart.o(i._sys_exit)
    i.eTaskGetState                          0x080011dc   Section        0  tasks.o(i.eTaskGetState)
    i.fputc                                  0x080012ac   Section        0  usart.o(i.fputc)
    i.freeRTOS_demo                          0x080012c8   Section        0  freertos_demo.o(i.freeRTOS_demo)
    i.main                                   0x08001354   Section        0  main.o(i.main)
    i.my_mem_init                            0x08001380   Section        0  malloc.o(i.my_mem_init)
    i.my_mem_malloc                          0x080013b0   Section        0  malloc.o(i.my_mem_malloc)
    my_mem_malloc                            0x080013b1   Thumb Code   156  malloc.o(i.my_mem_malloc)
    i.my_mem_perused                         0x08001458   Section        0  malloc.o(i.my_mem_perused)
    i.my_memset                              0x08001498   Section        0  malloc.o(i.my_memset)
    i.mymalloc                               0x080014ac   Section        0  malloc.o(i.mymalloc)
    i.prvAddCurrentTaskToDelayedList         0x080014d4   Section        0  tasks.o(i.prvAddCurrentTaskToDelayedList)
    prvAddCurrentTaskToDelayedList           0x080014d5   Thumb Code   174  tasks.o(i.prvAddCurrentTaskToDelayedList)
    i.prvAddNewTaskToReadyList               0x080015a0   Section        0  tasks.o(i.prvAddNewTaskToReadyList)
    prvAddNewTaskToReadyList                 0x080015a1   Thumb Code   206  tasks.o(i.prvAddNewTaskToReadyList)
    i.prvCheckForValidListAndQueue           0x0800168c   Section        0  timers.o(i.prvCheckForValidListAndQueue)
    prvCheckForValidListAndQueue             0x0800168d   Thumb Code    72  timers.o(i.prvCheckForValidListAndQueue)
    i.prvCheckTasksWaitingTermination        0x080016f0   Section        0  tasks.o(i.prvCheckTasksWaitingTermination)
    prvCheckTasksWaitingTermination          0x080016f1   Thumb Code    60  tasks.o(i.prvCheckTasksWaitingTermination)
    i.prvCopyDataFromQueue                   0x08001738   Section        0  queue.o(i.prvCopyDataFromQueue)
    prvCopyDataFromQueue                     0x08001739   Thumb Code    42  queue.o(i.prvCopyDataFromQueue)
    i.prvCopyDataToQueue                     0x08001762   Section        0  queue.o(i.prvCopyDataToQueue)
    prvCopyDataToQueue                       0x08001763   Thumb Code   126  queue.o(i.prvCopyDataToQueue)
    i.prvDeleteTCB                           0x080017e0   Section        0  tasks.o(i.prvDeleteTCB)
    prvDeleteTCB                             0x080017e1   Thumb Code    18  tasks.o(i.prvDeleteTCB)
    i.prvGetNextExpireTime                   0x080017f4   Section        0  timers.o(i.prvGetNextExpireTime)
    prvGetNextExpireTime                     0x080017f5   Thumb Code    36  timers.o(i.prvGetNextExpireTime)
    i.prvHeapInit                            0x0800181c   Section        0  heap_4.o(i.prvHeapInit)
    prvHeapInit                              0x0800181d   Thumb Code    98  heap_4.o(i.prvHeapInit)
    i.prvIdleTask                            0x08001898   Section        0  tasks.o(i.prvIdleTask)
    prvIdleTask                              0x08001899   Thumb Code    32  tasks.o(i.prvIdleTask)
    i.prvInitialiseNewQueue                  0x080018c0   Section        0  queue.o(i.prvInitialiseNewQueue)
    prvInitialiseNewQueue                    0x080018c1   Thumb Code    46  queue.o(i.prvInitialiseNewQueue)
    i.prvInitialiseNewTask                   0x080018f0   Section        0  tasks.o(i.prvInitialiseNewTask)
    prvInitialiseNewTask                     0x080018f1   Thumb Code   208  tasks.o(i.prvInitialiseNewTask)
    i.prvInitialiseTaskLists                 0x080019f8   Section        0  tasks.o(i.prvInitialiseTaskLists)
    prvInitialiseTaskLists                   0x080019f9   Thumb Code    70  tasks.o(i.prvInitialiseTaskLists)
    i.prvInsertBlockIntoFreeList             0x08001a60   Section        0  heap_4.o(i.prvInsertBlockIntoFreeList)
    prvInsertBlockIntoFreeList               0x08001a61   Thumb Code    96  heap_4.o(i.prvInsertBlockIntoFreeList)
    i.prvInsertTimerInActiveList             0x08001ac8   Section        0  timers.o(i.prvInsertTimerInActiveList)
    prvInsertTimerInActiveList               0x08001ac9   Thumb Code    80  timers.o(i.prvInsertTimerInActiveList)
    i.prvIsQueueEmpty                        0x08001b20   Section        0  queue.o(i.prvIsQueueEmpty)
    prvIsQueueEmpty                          0x08001b21   Thumb Code    26  queue.o(i.prvIsQueueEmpty)
    i.prvListTasksWithinSingleList           0x08001b3a   Section        0  tasks.o(i.prvListTasksWithinSingleList)
    prvListTasksWithinSingleList             0x08001b3b   Thumb Code   106  tasks.o(i.prvListTasksWithinSingleList)
    i.prvNotifyQueueSetContainer             0x08001ba4   Section        0  queue.o(i.prvNotifyQueueSetContainer)
    prvNotifyQueueSetContainer               0x08001ba5   Thumb Code   142  queue.o(i.prvNotifyQueueSetContainer)
    i.prvProcessExpiredTimer                 0x08001c6c   Section        0  timers.o(i.prvProcessExpiredTimer)
    prvProcessExpiredTimer                   0x08001c6d   Thumb Code    62  timers.o(i.prvProcessExpiredTimer)
    i.prvProcessReceivedCommands             0x08001cb0   Section        0  timers.o(i.prvProcessReceivedCommands)
    prvProcessReceivedCommands               0x08001cb1   Thumb Code   306  timers.o(i.prvProcessReceivedCommands)
    i.prvProcessTimerOrBlockTask             0x08001e20   Section        0  timers.o(i.prvProcessTimerOrBlockTask)
    prvProcessTimerOrBlockTask               0x08001e21   Thumb Code   102  timers.o(i.prvProcessTimerOrBlockTask)
    i.prvReloadTimer                         0x08001e94   Section        0  timers.o(i.prvReloadTimer)
    prvReloadTimer                           0x08001e95   Thumb Code    40  timers.o(i.prvReloadTimer)
    i.prvResetNextTaskUnblockTime            0x08001ebc   Section        0  tasks.o(i.prvResetNextTaskUnblockTime)
    prvResetNextTaskUnblockTime              0x08001ebd   Thumb Code    40  tasks.o(i.prvResetNextTaskUnblockTime)
    i.prvSampleTimeNow                       0x08001eec   Section        0  timers.o(i.prvSampleTimeNow)
    prvSampleTimeNow                         0x08001eed   Thumb Code    40  timers.o(i.prvSampleTimeNow)
    i.prvSearchForNameWithinSingleList       0x08001f18   Section        0  tasks.o(i.prvSearchForNameWithinSingleList)
    prvSearchForNameWithinSingleList         0x08001f19   Thumb Code   176  tasks.o(i.prvSearchForNameWithinSingleList)
    i.prvSwitchTimerLists                    0x08001fc8   Section        0  timers.o(i.prvSwitchTimerLists)
    prvSwitchTimerLists                      0x08001fc9   Thumb Code    58  timers.o(i.prvSwitchTimerLists)
    i.prvTaskCheckFreeStackSpace             0x0800200c   Section        0  tasks.o(i.prvTaskCheckFreeStackSpace)
    prvTaskCheckFreeStackSpace               0x0800200d   Thumb Code    22  tasks.o(i.prvTaskCheckFreeStackSpace)
    i.prvTaskExitError                       0x08002024   Section        0  port.o(i.prvTaskExitError)
    prvTaskExitError                         0x08002025   Thumb Code    48  port.o(i.prvTaskExitError)
    i.prvTimerTask                           0x080020a0   Section        0  timers.o(i.prvTimerTask)
    prvTimerTask                             0x080020a1   Thumb Code    26  timers.o(i.prvTimerTask)
    i.prvUnlockQueue                         0x080020ba   Section        0  queue.o(i.prvUnlockQueue)
    prvUnlockQueue                           0x080020bb   Thumb Code   144  queue.o(i.prvUnlockQueue)
    i.prvWriteNameToBuffer                   0x0800214a   Section        0  tasks.o(i.prvWriteNameToBuffer)
    prvWriteNameToBuffer                     0x0800214b   Thumb Code    42  tasks.o(i.prvWriteNameToBuffer)
    i.pvPortMalloc                           0x08002174   Section        0  heap_4.o(i.pvPortMalloc)
    i.pxPortInitialiseStack                  0x08002308   Section        0  port.o(i.pxPortInitialiseStack)
    i.uxListRemove                           0x0800232c   Section        0  list.o(i.uxListRemove)
    i.uxTaskGetNumberOfTasks                 0x08002354   Section        0  tasks.o(i.uxTaskGetNumberOfTasks)
    i.uxTaskGetStackHighWaterMark            0x08002360   Section        0  tasks.o(i.uxTaskGetStackHighWaterMark)
    i.uxTaskGetSystemState                   0x08002388   Section        0  tasks.o(i.uxTaskGetSystemState)
    i.uxTaskPriorityGet                      0x08002438   Section        0  tasks.o(i.uxTaskPriorityGet)
    i.vListInitialise                        0x0800245c   Section        0  list.o(i.vListInitialise)
    i.vListInitialiseItem                    0x08002476   Section        0  list.o(i.vListInitialiseItem)
    i.vListInsert                            0x0800247c   Section        0  list.o(i.vListInsert)
    i.vListInsertEnd                         0x080024b0   Section        0  list.o(i.vListInsertEnd)
    i.vPortEnterCritical                     0x080024c8   Section        0  port.o(i.vPortEnterCritical)
    i.vPortExitCritical                      0x0800255c   Section        0  port.o(i.vPortExitCritical)
    i.vPortFree                              0x080025d8   Section        0  heap_4.o(i.vPortFree)
    i.vPortSetupTimerInterrupt               0x080026b0   Section        0  port.o(i.vPortSetupTimerInterrupt)
    i.vQueueAddToRegistry                    0x080026dc   Section        0  queue.o(i.vQueueAddToRegistry)
    i.vQueueWaitForMessageRestricted         0x0800276c   Section        0  queue.o(i.vQueueWaitForMessageRestricted)
    i.vTaskDelay                             0x080027b8   Section        0  tasks.o(i.vTaskDelay)
    i.vTaskDelete                            0x08002840   Section        0  tasks.o(i.vTaskDelete)
    i.vTaskGetInfo                           0x08002968   Section        0  tasks.o(i.vTaskGetInfo)
    i.vTaskInternalSetTimeOutState           0x080029ec   Section        0  tasks.o(i.vTaskInternalSetTimeOutState)
    i.vTaskList                              0x08002a04   Section        0  tasks.o(i.vTaskList)
    i.vTaskMissedYield                       0x08002ae0   Section        0  tasks.o(i.vTaskMissedYield)
    i.vTaskPlaceOnEventList                  0x08002aec   Section        0  tasks.o(i.vTaskPlaceOnEventList)
    i.vTaskPlaceOnEventListRestricted        0x08002b54   Section        0  tasks.o(i.vTaskPlaceOnEventListRestricted)
    i.vTaskPrioritySet                       0x08002be4   Section        0  tasks.o(i.vTaskPrioritySet)
    i.vTaskStartScheduler                    0x08002d5c   Section        0  tasks.o(i.vTaskStartScheduler)
    i.vTaskSuspendAll                        0x08002e24   Section        0  tasks.o(i.vTaskSuspendAll)
    i.vTaskSwitchContext                     0x08002e34   Section        0  tasks.o(i.vTaskSwitchContext)
    i.xPortStartScheduler                    0x08002ef0   Section        0  port.o(i.xPortStartScheduler)
    i.xPortSysTickHandler                    0x0800303c   Section        0  port.o(i.xPortSysTickHandler)
    i.xQueueGenericCreate                    0x08003070   Section        0  queue.o(i.xQueueGenericCreate)
    i.xQueueGenericReset                     0x08003104   Section        0  queue.o(i.xQueueGenericReset)
    i.xQueueReceive                          0x08003204   Section        0  queue.o(i.xQueueReceive)
    i.xTaskCheckForTimeOut                   0x08003388   Section        0  tasks.o(i.xTaskCheckForTimeOut)
    i.xTaskCreate                            0x08003458   Section        0  tasks.o(i.xTaskCreate)
    i.xTaskGetHandle                         0x080034b8   Section        0  tasks.o(i.xTaskGetHandle)
    i.xTaskGetSchedulerState                 0x08003588   Section        0  tasks.o(i.xTaskGetSchedulerState)
    i.xTaskGetTickCount                      0x080035a8   Section        0  tasks.o(i.xTaskGetTickCount)
    i.xTaskIncrementTick                     0x080035b4   Section        0  tasks.o(i.xTaskIncrementTick)
    i.xTaskPriorityDisinherit                0x080037a0   Section        0  tasks.o(i.xTaskPriorityDisinherit)
    i.xTaskRemoveFromEventList               0x080038b4   Section        0  tasks.o(i.xTaskRemoveFromEventList)
    i.xTaskResumeAll                         0x08003a04   Section        0  tasks.o(i.xTaskResumeAll)
    i.xTimerCreateTimerTask                  0x08003ba8   Section        0  timers.o(i.xTimerCreateTimerTask)
    .constdata                               0x08003c2c   Section       24  malloc.o(.constdata)
    .constdata                               0x08003c44   Section       40  _printf_hex_int.o(.constdata)
    uc_hextab                                0x08003c44   Data          20  _printf_hex_int.o(.constdata)
    lc_hextab                                0x08003c58   Data          20  _printf_hex_int.o(.constdata)
    .constdata                               0x08003c6c   Section       17  __printf_flags_ss.o(.constdata)
    maptable                                 0x08003c6c   Data          17  __printf_flags_ss.o(.constdata)
    .data                                    0x20000000   Section       20  system_stm32f10x.o(.data)
    .data                                    0x20000014   Section        2  delay.o(.data)
    g_fac_us                                 0x20000014   Data           2  delay.o(.data)
    .data                                    0x20000018   Section        4  usart.o(.data)
    .data                                    0x2000001c   Section       20  stm32f10x_rcc.o(.data)
    APBAHBPrescTable                         0x2000001c   Data          16  stm32f10x_rcc.o(.data)
    ADCPrescTable                            0x2000002c   Data           4  stm32f10x_rcc.o(.data)
    .data                                    0x20000030   Section       28  malloc.o(.data)
    .data                                    0x2000004c   Section       12  freertos_demo.o(.data)
    StartTask_Handler                        0x2000004c   Data           4  freertos_demo.o(.data)
    Task1_Handle                             0x20000050   Data           4  freertos_demo.o(.data)
    Task2_Handle                             0x20000054   Data           4  freertos_demo.o(.data)
    .data                                    0x20000058   Section       64  tasks.o(.data)
    pxDelayedTaskList                        0x2000005c   Data           4  tasks.o(.data)
    pxOverflowDelayedTaskList                0x20000060   Data           4  tasks.o(.data)
    uxDeletedTasksWaitingCleanUp             0x20000064   Data           4  tasks.o(.data)
    uxCurrentNumberOfTasks                   0x20000068   Data           4  tasks.o(.data)
    xTickCount                               0x2000006c   Data           4  tasks.o(.data)
    uxTopReadyPriority                       0x20000070   Data           4  tasks.o(.data)
    xSchedulerRunning                        0x20000074   Data           4  tasks.o(.data)
    xPendedTicks                             0x20000078   Data           4  tasks.o(.data)
    xYieldPending                            0x2000007c   Data           4  tasks.o(.data)
    xNumOfOverflows                          0x20000080   Data           4  tasks.o(.data)
    uxTaskNumber                             0x20000084   Data           4  tasks.o(.data)
    xNextTaskUnblockTime                     0x20000088   Data           4  tasks.o(.data)
    xIdleTaskHandle                          0x2000008c   Data           4  tasks.o(.data)
    uxSchedulerSuspended                     0x20000094   Data           4  tasks.o(.data)
    .data                                    0x20000098   Section       20  timers.o(.data)
    pxCurrentTimerList                       0x20000098   Data           4  timers.o(.data)
    pxOverflowTimerList                      0x2000009c   Data           4  timers.o(.data)
    xTimerQueue                              0x200000a0   Data           4  timers.o(.data)
    xTimerTaskHandle                         0x200000a4   Data           4  timers.o(.data)
    xLastTime                                0x200000a8   Data           4  timers.o(.data)
    .data                                    0x200000ac   Section       12  port.o(.data)
    uxCriticalNesting                        0x200000ac   Data           4  port.o(.data)
    ucMaxSysCallPriority                     0x200000b0   Data           1  port.o(.data)
    ulMaxPRIGROUPValue                       0x200000b4   Data           4  port.o(.data)
    .data                                    0x200000b8   Section       32  heap_4.o(.data)
    xStart                                   0x200000b8   Data           8  heap_4.o(.data)
    pxEnd                                    0x200000c0   Data           4  heap_4.o(.data)
    xFreeBytesRemaining                      0x200000c4   Data           4  heap_4.o(.data)
    xMinimumEverFreeBytesRemaining           0x200000c8   Data           4  heap_4.o(.data)
    xNumberOfSuccessfulAllocations           0x200000cc   Data           4  heap_4.o(.data)
    xNumberOfSuccessfulFrees                 0x200000d0   Data           4  heap_4.o(.data)
    xBlockAllocatedBit                       0x200000d4   Data           4  heap_4.o(.data)
    .bss                                     0x20000100   Section    43520  malloc.o(.bss)
    mem1base                                 0x20000100   Data       40960  malloc.o(.bss)
    mem1mapbase                              0x2000a100   Data        2560  malloc.o(.bss)
    .bss                                     0x2000ab00   Section      500  freertos_demo.o(.bss)
    .bss                                     0x2000acf4   Section       64  queue.o(.bss)
    .bss                                     0x2000ad34   Section      740  tasks.o(.bss)
    pxReadyTasksLists                        0x2000ad34   Data         640  tasks.o(.bss)
    xDelayedTaskList1                        0x2000afb4   Data          20  tasks.o(.bss)
    xDelayedTaskList2                        0x2000afc8   Data          20  tasks.o(.bss)
    xPendingReadyList                        0x2000afdc   Data          20  tasks.o(.bss)
    xTasksWaitingTermination                 0x2000aff0   Data          20  tasks.o(.bss)
    xSuspendedTaskList                       0x2000b004   Data          20  tasks.o(.bss)
    .bss                                     0x2000b018   Section       40  timers.o(.bss)
    xActiveTimerList1                        0x2000b018   Data          20  timers.o(.bss)
    xActiveTimerList2                        0x2000b02c   Data          20  timers.o(.bss)
    .bss                                     0x2000b040   Section    10240  heap_4.o(.bss)
    ucHeap                                   0x2000b040   Data       10240  heap_4.o(.bss)
    .bss                                     0x2000d840   Section       96  libspace.o(.bss)
    HEAP                                     0x2000d8a0   Section      512  startup_stm32f10x_hd.o(HEAP)
    Heap_Mem                                 0x2000d8a0   Data         512  startup_stm32f10x_hd.o(HEAP)
    STACK                                    0x2000daa0   Section     1024  startup_stm32f10x_hd.o(STACK)
    Stack_Mem                                0x2000daa0   Data        1024  startup_stm32f10x_hd.o(STACK)
    __initial_sp                             0x2000dea0   Data           0  startup_stm32f10x_hd.o(STACK)
    .ARM.__AT_0x68000000                     0x68000000   Section       32  malloc.o(.ARM.__AT_0x68000000)
    mem2base                                 0x68000000   Data          32  malloc.o(.ARM.__AT_0x68000000)
    .ARM.__AT_0x68000020                     0x68000020   Section        2  malloc.o(.ARM.__AT_0x68000020)
    mem2mapbase                              0x68000020   Data           2  malloc.o(.ARM.__AT_0x68000020)

    Global Symbols

    Symbol Name                              Value     Ov Type        Size  Object(Section)

    BuildAttributes$$THM_ISAv4$P$D$K$B$S$PE$A:L22UL41UL21$X:L11$S22US41US21$IEEE1$IW$USESV6$~STKCKD$USESV7$~SHL$OSPACE$ROPI$EBA8$UX$STANDARDLIB$REQ8$PRES8$EABIv2 0x00000000   Number         0  anon$$obj.o ABSOLUTE
    __ARM_use_no_argv                        0x00000000   Number         0  main.o ABSOLUTE
    _printf_flags                            0x00000000   Number         0  printf_stubs.o ABSOLUTE
    _printf_return_value                     0x00000000   Number         0  printf_stubs.o ABSOLUTE
    _printf_sizespec                         0x00000000   Number         0  printf_stubs.o ABSOLUTE
    _printf_widthprec                        0x00000000   Number         0  printf_stubs.o ABSOLUTE
    __ARM_exceptions_init                     - Undefined Weak Reference
    __alloca_initialize                       - Undefined Weak Reference
    __arm_fini_                               - Undefined Weak Reference
    __arm_preinit_                            - Undefined Weak Reference
    __cpp_initialize__aeabi_                  - Undefined Weak Reference
    __cxa_finalize                            - Undefined Weak Reference
    __rt_locale                               - Undefined Weak Reference
    __sigvec_lookup                           - Undefined Weak Reference
    _atexit_init                              - Undefined Weak Reference
    _call_atexit_fns                          - Undefined Weak Reference
    _clock_init                               - Undefined Weak Reference
    _fp_trap_init                             - Undefined Weak Reference
    _fp_trap_shutdown                         - Undefined Weak Reference
    _get_lc_collate                           - Undefined Weak Reference
    _get_lc_ctype                             - Undefined Weak Reference
    _get_lc_monetary                          - Undefined Weak Reference
    _get_lc_numeric                           - Undefined Weak Reference
    _get_lc_time                              - Undefined Weak Reference
    _getenv_init                              - Undefined Weak Reference
    _handle_redirection                       - Undefined Weak Reference
    _init_alloc                               - Undefined Weak Reference
    _init_user_alloc                          - Undefined Weak Reference
    _initio                                   - Undefined Weak Reference
    _mutex_acquire                            - Undefined Weak Reference
    _mutex_release                            - Undefined Weak Reference
    _printf_mbtowc                            - Undefined Weak Reference
    _printf_post_padding                      - Undefined Weak Reference
    _printf_pre_padding                       - Undefined Weak Reference
    _printf_truncate_signed                   - Undefined Weak Reference
    _printf_truncate_unsigned                 - Undefined Weak Reference
    _rand_init                                - Undefined Weak Reference
    _signal_finish                            - Undefined Weak Reference
    _signal_init                              - Undefined Weak Reference
    _terminate_alloc                          - Undefined Weak Reference
    _terminate_user_alloc                     - Undefined Weak Reference
    _terminateio                              - Undefined Weak Reference
    __Vectors_Size                           0x00000130   Number         0  startup_stm32f10x_hd.o ABSOLUTE
    __Vectors                                0x08000000   Data           4  startup_stm32f10x_hd.o(RESET)
    __Vectors_End                            0x08000130   Data           0  startup_stm32f10x_hd.o(RESET)
    __main                                   0x08000131   Thumb Code     8  __main.o(!!!main)
    __scatterload                            0x08000139   Thumb Code     0  __scatter.o(!!!scatter)
    __scatterload_rt2                        0x08000139   Thumb Code    44  __scatter.o(!!!scatter)
    __scatterload_rt2_thumb_only             0x08000139   Thumb Code     0  __scatter.o(!!!scatter)
    __scatterload_null                       0x08000147   Thumb Code     0  __scatter.o(!!!scatter)
    __scatterload_copy                       0x0800016d   Thumb Code    26  __scatter_copy.o(!!handler_copy)
    __scatterload_zeroinit                   0x08000189   Thumb Code    28  __scatter_zi.o(!!handler_zi)
    _printf_d                                0x080001a5   Thumb Code     0  _printf_d.o(.ARM.Collect$$_printf_percent$$00000009)
    _printf_percent                          0x080001a5   Thumb Code     0  _printf_percent.o(.ARM.Collect$$_printf_percent$$00000000)
    _printf_u                                0x080001ab   Thumb Code     0  _printf_u.o(.ARM.Collect$$_printf_percent$$0000000A)
    _printf_x                                0x080001b1   Thumb Code     0  _printf_x.o(.ARM.Collect$$_printf_percent$$0000000C)
    _printf_c                                0x080001b7   Thumb Code     0  _printf_c.o(.ARM.Collect$$_printf_percent$$00000013)
    _printf_s                                0x080001bd   Thumb Code     0  _printf_s.o(.ARM.Collect$$_printf_percent$$00000014)
    _printf_percent_end                      0x080001c3   Thumb Code     0  _printf_percent_end.o(.ARM.Collect$$_printf_percent$$00000017)
    __rt_lib_init                            0x080001c7   Thumb Code     0  libinit.o(.ARM.Collect$$libinit$$00000000)
    __rt_lib_init_alloca_1                   0x080001c9   Thumb Code     0  libinit2.o(.ARM.Collect$$libinit$$0000002E)
    __rt_lib_init_argv_1                     0x080001c9   Thumb Code     0  libinit2.o(.ARM.Collect$$libinit$$0000002C)
    __rt_lib_init_atexit_1                   0x080001c9   Thumb Code     0  libinit2.o(.ARM.Collect$$libinit$$0000001B)
    __rt_lib_init_clock_1                    0x080001c9   Thumb Code     0  libinit2.o(.ARM.Collect$$libinit$$00000021)
    __rt_lib_init_cpp_1                      0x080001c9   Thumb Code     0  libinit2.o(.ARM.Collect$$libinit$$00000032)
    __rt_lib_init_exceptions_1               0x080001c9   Thumb Code     0  libinit2.o(.ARM.Collect$$libinit$$00000030)
    __rt_lib_init_fp_1                       0x080001c9   Thumb Code     0  libinit2.o(.ARM.Collect$$libinit$$00000002)
    __rt_lib_init_fp_trap_1                  0x080001c9   Thumb Code     0  libinit2.o(.ARM.Collect$$libinit$$0000001F)
    __rt_lib_init_getenv_1                   0x080001c9   Thumb Code     0  libinit2.o(.ARM.Collect$$libinit$$00000023)
    __rt_lib_init_heap_1                     0x080001c9   Thumb Code     0  libinit2.o(.ARM.Collect$$libinit$$0000000A)
    __rt_lib_init_lc_collate_1               0x080001c9   Thumb Code     0  libinit2.o(.ARM.Collect$$libinit$$00000011)
    __rt_lib_init_lc_ctype_1                 0x080001c9   Thumb Code     0  libinit2.o(.ARM.Collect$$libinit$$00000013)
    __rt_lib_init_lc_monetary_1              0x080001c9   Thumb Code     0  libinit2.o(.ARM.Collect$$libinit$$00000015)
    __rt_lib_init_lc_numeric_1               0x080001c9   Thumb Code     0  libinit2.o(.ARM.Collect$$libinit$$00000017)
    __rt_lib_init_lc_time_1                  0x080001c9   Thumb Code     0  libinit2.o(.ARM.Collect$$libinit$$00000019)
    __rt_lib_init_preinit_1                  0x080001c9   Thumb Code     0  libinit2.o(.ARM.Collect$$libinit$$00000004)
    __rt_lib_init_rand_1                     0x080001c9   Thumb Code     0  libinit2.o(.ARM.Collect$$libinit$$0000000E)
    __rt_lib_init_return                     0x080001c9   Thumb Code     0  libinit2.o(.ARM.Collect$$libinit$$00000033)
    __rt_lib_init_signal_1                   0x080001c9   Thumb Code     0  libinit2.o(.ARM.Collect$$libinit$$0000001D)
    __rt_lib_init_stdio_1                    0x080001c9   Thumb Code     0  libinit2.o(.ARM.Collect$$libinit$$00000025)
    __rt_lib_init_user_alloc_1               0x080001c9   Thumb Code     0  libinit2.o(.ARM.Collect$$libinit$$0000000C)
    __rt_lib_shutdown                        0x080001cb   Thumb Code     0  libshutdown.o(.ARM.Collect$$libshutdown$$00000000)
    __rt_lib_shutdown_cpp_1                  0x080001cd   Thumb Code     0  libshutdown2.o(.ARM.Collect$$libshutdown$$00000004)
    __rt_lib_shutdown_fini_1                 0x080001cd   Thumb Code     0  libshutdown2.o(.ARM.Collect$$libshutdown$$00000002)
    __rt_lib_shutdown_fp_trap_1              0x080001cd   Thumb Code     0  libshutdown2.o(.ARM.Collect$$libshutdown$$00000009)
    __rt_lib_shutdown_heap_1                 0x080001cd   Thumb Code     0  libshutdown2.o(.ARM.Collect$$libshutdown$$00000011)
    __rt_lib_shutdown_return                 0x080001cd   Thumb Code     0  libshutdown2.o(.ARM.Collect$$libshutdown$$00000012)
    __rt_lib_shutdown_signal_1               0x080001cd   Thumb Code     0  libshutdown2.o(.ARM.Collect$$libshutdown$$0000000C)
    __rt_lib_shutdown_stdio_1                0x080001cd   Thumb Code     0  libshutdown2.o(.ARM.Collect$$libshutdown$$00000006)
    __rt_lib_shutdown_user_alloc_1           0x080001cd   Thumb Code     0  libshutdown2.o(.ARM.Collect$$libshutdown$$0000000E)
    __rt_entry                               0x080001cf   Thumb Code     0  __rtentry.o(.ARM.Collect$$rtentry$$00000000)
    __rt_entry_presh_1                       0x080001cf   Thumb Code     0  __rtentry2.o(.ARM.Collect$$rtentry$$00000002)
    __rt_entry_sh                            0x080001cf   Thumb Code     0  __rtentry4.o(.ARM.Collect$$rtentry$$00000004)
    __rt_entry_li                            0x080001d5   Thumb Code     0  __rtentry2.o(.ARM.Collect$$rtentry$$0000000A)
    __rt_entry_postsh_1                      0x080001d5   Thumb Code     0  __rtentry2.o(.ARM.Collect$$rtentry$$00000009)
    __rt_entry_main                          0x080001d9   Thumb Code     0  __rtentry2.o(.ARM.Collect$$rtentry$$0000000D)
    __rt_entry_postli_1                      0x080001d9   Thumb Code     0  __rtentry2.o(.ARM.Collect$$rtentry$$0000000C)
    __rt_exit                                0x080001e1   Thumb Code     0  rtexit.o(.ARM.Collect$$rtexit$$00000000)
    __rt_exit_ls                             0x080001e3   Thumb Code     0  rtexit2.o(.ARM.Collect$$rtexit$$00000003)
    __rt_exit_prels_1                        0x080001e3   Thumb Code     0  rtexit2.o(.ARM.Collect$$rtexit$$00000002)
    __rt_exit_exit                           0x080001e7   Thumb Code     0  rtexit2.o(.ARM.Collect$$rtexit$$00000004)
    SVC_Handler                              0x080001ed   Thumb Code    32  port.o(.emb_text)
    __asm___6_port_c_39a90d8d__prvStartFirstTask 0x08000211   Thumb Code    28  port.o(.emb_text)
    PendSV_Handler                           0x08000231   Thumb Code    72  port.o(.emb_text)
    vPortGetIPSR                             0x0800027d   Thumb Code     6  port.o(.emb_text)
    Reset_Handler                            0x08000285   Thumb Code     8  startup_stm32f10x_hd.o(.text)
    ADC1_2_IRQHandler                        0x0800029f   Thumb Code     0  startup_stm32f10x_hd.o(.text)
    ADC3_IRQHandler                          0x0800029f   Thumb Code     0  startup_stm32f10x_hd.o(.text)
    CAN1_RX1_IRQHandler                      0x0800029f   Thumb Code     0  startup_stm32f10x_hd.o(.text)
    CAN1_SCE_IRQHandler                      0x0800029f   Thumb Code     0  startup_stm32f10x_hd.o(.text)
    DMA1_Channel1_IRQHandler                 0x0800029f   Thumb Code     0  startup_stm32f10x_hd.o(.text)
    DMA1_Channel2_IRQHandler                 0x0800029f   Thumb Code     0  startup_stm32f10x_hd.o(.text)
    DMA1_Channel3_IRQHandler                 0x0800029f   Thumb Code     0  startup_stm32f10x_hd.o(.text)
    DMA1_Channel4_IRQHandler                 0x0800029f   Thumb Code     0  startup_stm32f10x_hd.o(.text)
    DMA1_Channel5_IRQHandler                 0x0800029f   Thumb Code     0  startup_stm32f10x_hd.o(.text)
    DMA1_Channel6_IRQHandler                 0x0800029f   Thumb Code     0  startup_stm32f10x_hd.o(.text)
    DMA1_Channel7_IRQHandler                 0x0800029f   Thumb Code     0  startup_stm32f10x_hd.o(.text)
    DMA2_Channel1_IRQHandler                 0x0800029f   Thumb Code     0  startup_stm32f10x_hd.o(.text)
    DMA2_Channel2_IRQHandler                 0x0800029f   Thumb Code     0  startup_stm32f10x_hd.o(.text)
    DMA2_Channel3_IRQHandler                 0x0800029f   Thumb Code     0  startup_stm32f10x_hd.o(.text)
    DMA2_Channel4_5_IRQHandler               0x0800029f   Thumb Code     0  startup_stm32f10x_hd.o(.text)
    EXTI0_IRQHandler                         0x0800029f   Thumb Code     0  startup_stm32f10x_hd.o(.text)
    EXTI15_10_IRQHandler                     0x0800029f   Thumb Code     0  startup_stm32f10x_hd.o(.text)
    EXTI1_IRQHandler                         0x0800029f   Thumb Code     0  startup_stm32f10x_hd.o(.text)
    EXTI2_IRQHandler                         0x0800029f   Thumb Code     0  startup_stm32f10x_hd.o(.text)
    EXTI3_IRQHandler                         0x0800029f   Thumb Code     0  startup_stm32f10x_hd.o(.text)
    EXTI4_IRQHandler                         0x0800029f   Thumb Code     0  startup_stm32f10x_hd.o(.text)
    EXTI9_5_IRQHandler                       0x0800029f   Thumb Code     0  startup_stm32f10x_hd.o(.text)
    FLASH_IRQHandler                         0x0800029f   Thumb Code     0  startup_stm32f10x_hd.o(.text)
    FSMC_IRQHandler                          0x0800029f   Thumb Code     0  startup_stm32f10x_hd.o(.text)
    I2C1_ER_IRQHandler                       0x0800029f   Thumb Code     0  startup_stm32f10x_hd.o(.text)
    I2C1_EV_IRQHandler                       0x0800029f   Thumb Code     0  startup_stm32f10x_hd.o(.text)
    I2C2_ER_IRQHandler                       0x0800029f   Thumb Code     0  startup_stm32f10x_hd.o(.text)
    I2C2_EV_IRQHandler                       0x0800029f   Thumb Code     0  startup_stm32f10x_hd.o(.text)
    PVD_IRQHandler                           0x0800029f   Thumb Code     0  startup_stm32f10x_hd.o(.text)
    RCC_IRQHandler                           0x0800029f   Thumb Code     0  startup_stm32f10x_hd.o(.text)
    RTCAlarm_IRQHandler                      0x0800029f   Thumb Code     0  startup_stm32f10x_hd.o(.text)
    RTC_IRQHandler                           0x0800029f   Thumb Code     0  startup_stm32f10x_hd.o(.text)
    SDIO_IRQHandler                          0x0800029f   Thumb Code     0  startup_stm32f10x_hd.o(.text)
    SPI1_IRQHandler                          0x0800029f   Thumb Code     0  startup_stm32f10x_hd.o(.text)
    SPI2_IRQHandler                          0x0800029f   Thumb Code     0  startup_stm32f10x_hd.o(.text)
    SPI3_IRQHandler                          0x0800029f   Thumb Code     0  startup_stm32f10x_hd.o(.text)
    TAMPER_IRQHandler                        0x0800029f   Thumb Code     0  startup_stm32f10x_hd.o(.text)
    TIM1_BRK_IRQHandler                      0x0800029f   Thumb Code     0  startup_stm32f10x_hd.o(.text)
    TIM1_CC_IRQHandler                       0x0800029f   Thumb Code     0  startup_stm32f10x_hd.o(.text)
    TIM1_TRG_COM_IRQHandler                  0x0800029f   Thumb Code     0  startup_stm32f10x_hd.o(.text)
    TIM1_UP_IRQHandler                       0x0800029f   Thumb Code     0  startup_stm32f10x_hd.o(.text)
    TIM2_IRQHandler                          0x0800029f   Thumb Code     0  startup_stm32f10x_hd.o(.text)
    TIM3_IRQHandler                          0x0800029f   Thumb Code     0  startup_stm32f10x_hd.o(.text)
    TIM4_IRQHandler                          0x0800029f   Thumb Code     0  startup_stm32f10x_hd.o(.text)
    TIM5_IRQHandler                          0x0800029f   Thumb Code     0  startup_stm32f10x_hd.o(.text)
    TIM6_IRQHandler                          0x0800029f   Thumb Code     0  startup_stm32f10x_hd.o(.text)
    TIM7_IRQHandler                          0x0800029f   Thumb Code     0  startup_stm32f10x_hd.o(.text)
    TIM8_BRK_IRQHandler                      0x0800029f   Thumb Code     0  startup_stm32f10x_hd.o(.text)
    TIM8_CC_IRQHandler                       0x0800029f   Thumb Code     0  startup_stm32f10x_hd.o(.text)
    TIM8_TRG_COM_IRQHandler                  0x0800029f   Thumb Code     0  startup_stm32f10x_hd.o(.text)
    TIM8_UP_IRQHandler                       0x0800029f   Thumb Code     0  startup_stm32f10x_hd.o(.text)
    UART4_IRQHandler                         0x0800029f   Thumb Code     0  startup_stm32f10x_hd.o(.text)
    UART5_IRQHandler                         0x0800029f   Thumb Code     0  startup_stm32f10x_hd.o(.text)
    USART1_IRQHandler                        0x0800029f   Thumb Code     0  startup_stm32f10x_hd.o(.text)
    USART2_IRQHandler                        0x0800029f   Thumb Code     0  startup_stm32f10x_hd.o(.text)
    USART3_IRQHandler                        0x0800029f   Thumb Code     0  startup_stm32f10x_hd.o(.text)
    USBWakeUp_IRQHandler                     0x0800029f   Thumb Code     0  startup_stm32f10x_hd.o(.text)
    USB_HP_CAN1_TX_IRQHandler                0x0800029f   Thumb Code     0  startup_stm32f10x_hd.o(.text)
    USB_LP_CAN1_RX0_IRQHandler               0x0800029f   Thumb Code     0  startup_stm32f10x_hd.o(.text)
    WWDG_IRQHandler                          0x0800029f   Thumb Code     0  startup_stm32f10x_hd.o(.text)
    __user_initial_stackheap                 0x080002a1   Thumb Code     0  startup_stm32f10x_hd.o(.text)
    __use_no_semihosting                     0x080002c5   Thumb Code     2  use_no_semi_2.o(.text)
    __2printf                                0x080002c9   Thumb Code    20  noretval__2printf.o(.text)
    __2sprintf                               0x080002e1   Thumb Code    34  noretval__2sprintf.o(.text)
    _printf_str                              0x08000309   Thumb Code    82  _printf_str.o(.text)
    _printf_int_dec                          0x0800035d   Thumb Code   104  _printf_dec.o(.text)
    _printf_int_hex                          0x080003d5   Thumb Code    84  _printf_hex_int.o(.text)
    _printf_longlong_hex                     0x080003d5   Thumb Code     0  _printf_hex_int.o(.text)
    __printf                                 0x0800042d   Thumb Code   232  __printf_flags_ss.o(.text)
    strcpy                                   0x08000519   Thumb Code    72  strcpy.o(.text)
    strlen                                   0x08000561   Thumb Code    62  strlen.o(.text)
    __aeabi_memcpy                           0x0800059f   Thumb Code     0  rt_memcpy_v6.o(.text)
    __rt_memcpy                              0x0800059f   Thumb Code   138  rt_memcpy_v6.o(.text)
    _memcpy_lastbytes                        0x08000605   Thumb Code     0  rt_memcpy_v6.o(.text)
    __aeabi_memset                           0x08000629   Thumb Code    16  aeabi_memset.o(.text)
    __aeabi_memclr4                          0x08000639   Thumb Code     0  rt_memclr_w.o(.text)
    __aeabi_memclr8                          0x08000639   Thumb Code     0  rt_memclr_w.o(.text)
    __rt_memclr_w                            0x08000639   Thumb Code    78  rt_memclr_w.o(.text)
    _memset_w                                0x0800063d   Thumb Code     0  rt_memclr_w.o(.text)
    __use_two_region_memory                  0x08000687   Thumb Code     2  heapauxi.o(.text)
    __rt_heap_escrow$2region                 0x08000689   Thumb Code     2  heapauxi.o(.text)
    __rt_heap_expand$2region                 0x0800068b   Thumb Code     2  heapauxi.o(.text)
    __I$use$semihosting                      0x0800068d   Thumb Code     0  use_no_semi.o(.text)
    __use_no_semihosting_swi                 0x0800068d   Thumb Code     2  use_no_semi.o(.text)
    _printf_int_common                       0x0800068f   Thumb Code   178  _printf_intcommon.o(.text)
    _printf_char_common                      0x0800074b   Thumb Code    32  _printf_char_common.o(.text)
    _sputc                                   0x08000771   Thumb Code    10  _sputc.o(.text)
    _printf_cs_common                        0x0800077b   Thumb Code    20  _printf_char.o(.text)
    _printf_char                             0x0800078f   Thumb Code    16  _printf_char.o(.text)
    _printf_string                           0x0800079f   Thumb Code     8  _printf_char.o(.text)
    _printf_char_file                        0x080007a9   Thumb Code    32  _printf_char_file.o(.text)
    __aeabi_memcpy4                          0x080007cd   Thumb Code     0  rt_memcpy_w.o(.text)
    __aeabi_memcpy8                          0x080007cd   Thumb Code     0  rt_memcpy_w.o(.text)
    __rt_memcpy_w                            0x080007cd   Thumb Code   100  rt_memcpy_w.o(.text)
    _memcpy_lastbytes_aligned                0x08000815   Thumb Code     0  rt_memcpy_w.o(.text)
    __aeabi_memclr                           0x08000831   Thumb Code     0  rt_memclr.o(.text)
    __rt_memclr                              0x08000831   Thumb Code    68  rt_memclr.o(.text)
    _memset                                  0x08000835   Thumb Code     0  rt_memclr.o(.text)
    ferror                                   0x08000875   Thumb Code     8  ferror.o(.text)
    __user_setup_stackheap                   0x0800087d   Thumb Code    74  sys_stackheap_outer.o(.text)
    exit                                     0x080008c7   Thumb Code    18  exit.o(.text)
    __user_libspace                          0x080008d9   Thumb Code     8  libspace.o(.text)
    __user_perproc_libspace                  0x080008d9   Thumb Code     0  libspace.o(.text)
    __user_perthread_libspace                0x080008d9   Thumb Code     0  libspace.o(.text)
    BusFault_Handler                         0x080008e1   Thumb Code     4  stm32f10x_it.o(i.BusFault_Handler)
    DebugMon_Handler                         0x080008e5   Thumb Code     2  stm32f10x_it.o(i.DebugMon_Handler)
    GPIO_Init                                0x080008e7   Thumb Code   278  stm32f10x_gpio.o(i.GPIO_Init)
    GPIO_SetBits                             0x080009fd   Thumb Code     4  stm32f10x_gpio.o(i.GPIO_SetBits)
    HardFault_Handler                        0x08000a01   Thumb Code     4  stm32f10x_it.o(i.HardFault_Handler)
    LED_Init                                 0x08000a05   Thumb Code    76  led.o(i.LED_Init)
    MemManage_Handler                        0x08000a59   Thumb Code     4  stm32f10x_it.o(i.MemManage_Handler)
    NMI_Handler                              0x08000a5d   Thumb Code     2  stm32f10x_it.o(i.NMI_Handler)
    NVIC_PriorityGroupConfig                 0x08000a61   Thumb Code    10  misc.o(i.NVIC_PriorityGroupConfig)
    RCC_APB2PeriphClockCmd                   0x08000a75   Thumb Code    26  stm32f10x_rcc.o(i.RCC_APB2PeriphClockCmd)
    RCC_GetClocksFreq                        0x08000a95   Thumb Code   192  stm32f10x_rcc.o(i.RCC_GetClocksFreq)
    SysTick_Handler                          0x08000d3d   Thumb Code    16  delay.o(i.SysTick_Handler)
    SysTick_Init                             0x08000d4d   Thumb Code    78  delay.o(i.SysTick_Init)
    SystemInit                               0x08000da1   Thumb Code    78  system_stm32f10x.o(i.SystemInit)
    USART1_Init                              0x08001065   Thumb Code   118  usart.o(i.USART1_Init)
    USART_Cmd                                0x080010e5   Thumb Code    24  stm32f10x_usart.o(i.USART_Cmd)
    USART_Init                               0x080010fd   Thumb Code   210  stm32f10x_usart.o(i.USART_Init)
    UsageFault_Handler                       0x080011d5   Thumb Code     4  stm32f10x_it.o(i.UsageFault_Handler)
    _sys_exit                                0x080011d9   Thumb Code     4  usart.o(i._sys_exit)
    eTaskGetState                            0x080011dd   Thumb Code   132  tasks.o(i.eTaskGetState)
    fputc                                    0x080012ad   Thumb Code    24  usart.o(i.fputc)
    freeRTOS_demo                            0x080012c9   Thumb Code    50  freertos_demo.o(i.freeRTOS_demo)
    main                                     0x08001355   Thumb Code    42  main.o(i.main)
    my_mem_init                              0x08001381   Thumb Code    38  malloc.o(i.my_mem_init)
    my_mem_perused                           0x08001459   Thumb Code    54  malloc.o(i.my_mem_perused)
    my_memset                                0x08001499   Thumb Code    20  malloc.o(i.my_memset)
    mymalloc                                 0x080014ad   Thumb Code    34  malloc.o(i.mymalloc)
    pvPortMalloc                             0x08002175   Thumb Code   306  heap_4.o(i.pvPortMalloc)
    pxPortInitialiseStack                    0x08002309   Thumb Code    30  port.o(i.pxPortInitialiseStack)
    uxListRemove                             0x0800232d   Thumb Code    40  list.o(i.uxListRemove)
    uxTaskGetNumberOfTasks                   0x08002355   Thumb Code     6  tasks.o(i.uxTaskGetNumberOfTasks)
    uxTaskGetStackHighWaterMark              0x08002361   Thumb Code    34  tasks.o(i.uxTaskGetStackHighWaterMark)
    uxTaskGetSystemState                     0x08002389   Thumb Code   152  tasks.o(i.uxTaskGetSystemState)
    uxTaskPriorityGet                        0x08002439   Thumb Code    30  tasks.o(i.uxTaskPriorityGet)
    vListInitialise                          0x0800245d   Thumb Code    26  list.o(i.vListInitialise)
    vListInitialiseItem                      0x08002477   Thumb Code     6  list.o(i.vListInitialiseItem)
    vListInsert                              0x0800247d   Thumb Code    52  list.o(i.vListInsert)
    vListInsertEnd                           0x080024b1   Thumb Code    24  list.o(i.vListInsertEnd)
    vPortEnterCritical                       0x080024c9   Thumb Code    68  port.o(i.vPortEnterCritical)
    vPortExitCritical                        0x0800255d   Thumb Code    48  port.o(i.vPortExitCritical)
    vPortFree                                0x080025d9   Thumb Code   130  heap_4.o(i.vPortFree)
    vPortSetupTimerInterrupt                 0x080026b1   Thumb Code    38  port.o(i.vPortSetupTimerInterrupt)
    vQueueAddToRegistry                      0x080026dd   Thumb Code    84  queue.o(i.vQueueAddToRegistry)
    vQueueWaitForMessageRestricted           0x0800276d   Thumb Code    74  queue.o(i.vQueueWaitForMessageRestricted)
    vTaskDelay                               0x080027b9   Thumb Code    72  tasks.o(i.vTaskDelay)
    vTaskDelete                              0x08002841   Thumb Code   200  tasks.o(i.vTaskDelete)
    vTaskGetInfo                             0x08002969   Thumb Code   126  tasks.o(i.vTaskGetInfo)
    vTaskInternalSetTimeOutState             0x080029ed   Thumb Code    14  tasks.o(i.vTaskInternalSetTimeOutState)
    vTaskList                                0x08002a05   Thumb Code   200  tasks.o(i.vTaskList)
    vTaskMissedYield                         0x08002ae1   Thumb Code     8  tasks.o(i.vTaskMissedYield)
    vTaskPlaceOnEventList                    0x08002aed   Thumb Code    42  tasks.o(i.vTaskPlaceOnEventList)
    vTaskPlaceOnEventListRestricted          0x08002b55   Thumb Code    84  tasks.o(i.vTaskPlaceOnEventListRestricted)
    vTaskPrioritySet                         0x08002be5   Thumb Code   302  tasks.o(i.vTaskPrioritySet)
    vTaskStartScheduler                      0x08002d5d   Thumb Code   112  tasks.o(i.vTaskStartScheduler)
    vTaskSuspendAll                          0x08002e25   Thumb Code    12  tasks.o(i.vTaskSuspendAll)
    vTaskSwitchContext                       0x08002e35   Thumb Code   110  tasks.o(i.vTaskSwitchContext)
    xPortStartScheduler                      0x08002ef1   Thumb Code   240  port.o(i.xPortStartScheduler)
    xPortSysTickHandler                      0x0800303d   Thumb Code    46  port.o(i.xPortSysTickHandler)
    xQueueGenericCreate                      0x08003071   Thumb Code    92  queue.o(i.xQueueGenericCreate)
    xQueueGenericReset                       0x08003105   Thumb Code   194  queue.o(i.xQueueGenericReset)
    xQueueReceive                            0x08003205   Thumb Code   326  queue.o(i.xQueueReceive)
    xTaskCheckForTimeOut                     0x08003389   Thumb Code   140  tasks.o(i.xTaskCheckForTimeOut)
    xTaskCreate                              0x08003459   Thumb Code    96  tasks.o(i.xTaskCreate)
    xTaskGetHandle                           0x080034b9   Thumb Code   132  tasks.o(i.xTaskGetHandle)
    xTaskGetSchedulerState                   0x08003589   Thumb Code    24  tasks.o(i.xTaskGetSchedulerState)
    xTaskGetTickCount                        0x080035a9   Thumb Code     6  tasks.o(i.xTaskGetTickCount)
    xTaskIncrementTick                       0x080035b5   Thumb Code   390  tasks.o(i.xTaskIncrementTick)
    xTaskPriorityDisinherit                  0x080037a1   Thumb Code   206  tasks.o(i.xTaskPriorityDisinherit)
    xTaskRemoveFromEventList                 0x080038b5   Thumb Code   254  tasks.o(i.xTaskRemoveFromEventList)
    xTaskResumeAll                           0x08003a05   Thumb Code   328  tasks.o(i.xTaskResumeAll)
    xTimerCreateTimerTask                    0x08003ba9   Thumb Code    56  timers.o(i.xTimerCreateTimerTask)
    memtblsize                               0x08003c2c   Data           8  malloc.o(.constdata)
    memblksize                               0x08003c34   Data           8  malloc.o(.constdata)
    memsize                                  0x08003c3c   Data           8  malloc.o(.constdata)
    Region$$Table$$Base                      0x08003c80   Number         0  anon$$obj.o(Region$$Table)
    Region$$Table$$Limit                     0x08003ca0   Number         0  anon$$obj.o(Region$$Table)
    SystemCoreClock                          0x20000000   Data           4  system_stm32f10x.o(.data)
    AHBPrescTable                            0x20000004   Data          16  system_stm32f10x.o(.data)
    __stdout                                 0x20000018   Data           4  usart.o(.data)
    mallco_dev                               0x20000030   Data          28  malloc.o(.data)
    pxCurrentTCB                             0x20000058   Data           4  tasks.o(.data)
    uxTopUsedPriority                        0x20000090   Data           4  tasks.o(.data)
    task_buff                                0x2000ab00   Data         500  freertos_demo.o(.bss)
    xQueueRegistry                           0x2000acf4   Data          64  queue.o(.bss)
    __libspace_start                         0x2000d840   Data          96  libspace.o(.bss)
    __temporary_stack_top$libspace           0x2000d8a0   Data           0  libspace.o(.bss)



==============================================================================

Memory Map of the image

  Image Entry point : 0x08000131

  Load Region LR_IROM1 (Base: 0x08000000, Size: 0x00003d78, Max: 0x00080000, ABSOLUTE)

    Execution Region ER_IROM1 (Exec base: 0x08000000, Load base: 0x08000000, Size: 0x00003ca0, Max: 0x00080000, ABSOLUTE)

    Exec Addr    Load Addr    Size         Type   Attr      Idx    E Section Name        Object

    0x08000000   0x08000000   0x00000130   Data   RO            3    RESET               startup_stm32f10x_hd.o
    0x08000130   0x08000130   0x00000008   Code   RO         2483  * !!!main             c_w.l(__main.o)
    0x08000138   0x08000138   0x00000034   Code   RO         2661    !!!scatter          c_w.l(__scatter.o)
    0x0800016c   0x0800016c   0x0000001a   Code   RO         2663    !!handler_copy      c_w.l(__scatter_copy.o)
    0x08000186   0x08000186   0x00000002   PAD
    0x08000188   0x08000188   0x0000001c   Code   RO         2665    !!handler_zi        c_w.l(__scatter_zi.o)
    0x080001a4   0x080001a4   0x00000000   Code   RO         2468    .ARM.Collect$$_printf_percent$$00000000  c_w.l(_printf_percent.o)
    0x080001a4   0x080001a4   0x00000006   Code   RO         2466    .ARM.Collect$$_printf_percent$$00000009  c_w.l(_printf_d.o)
    0x080001aa   0x080001aa   0x00000006   Code   RO         2467    .ARM.Collect$$_printf_percent$$0000000A  c_w.l(_printf_u.o)
    0x080001b0   0x080001b0   0x00000006   Code   RO         2465    .ARM.Collect$$_printf_percent$$0000000C  c_w.l(_printf_x.o)
    0x080001b6   0x080001b6   0x00000006   Code   RO         2463    .ARM.Collect$$_printf_percent$$00000013  c_w.l(_printf_c.o)
    0x080001bc   0x080001bc   0x00000006   Code   RO         2464    .ARM.Collect$$_printf_percent$$00000014  c_w.l(_printf_s.o)
    0x080001c2   0x080001c2   0x00000004   Code   RO         2498    .ARM.Collect$$_printf_percent$$00000017  c_w.l(_printf_percent_end.o)
    0x080001c6   0x080001c6   0x00000002   Code   RO         2533    .ARM.Collect$$libinit$$00000000  c_w.l(libinit.o)
    0x080001c8   0x080001c8   0x00000000   Code   RO         2540    .ARM.Collect$$libinit$$00000002  c_w.l(libinit2.o)
    0x080001c8   0x080001c8   0x00000000   Code   RO         2542    .ARM.Collect$$libinit$$00000004  c_w.l(libinit2.o)
    0x080001c8   0x080001c8   0x00000000   Code   RO         2545    .ARM.Collect$$libinit$$0000000A  c_w.l(libinit2.o)
    0x080001c8   0x080001c8   0x00000000   Code   RO         2547    .ARM.Collect$$libinit$$0000000C  c_w.l(libinit2.o)
    0x080001c8   0x080001c8   0x00000000   Code   RO         2549    .ARM.Collect$$libinit$$0000000E  c_w.l(libinit2.o)
    0x080001c8   0x080001c8   0x00000000   Code   RO         2552    .ARM.Collect$$libinit$$00000011  c_w.l(libinit2.o)
    0x080001c8   0x080001c8   0x00000000   Code   RO         2554    .ARM.Collect$$libinit$$00000013  c_w.l(libinit2.o)
    0x080001c8   0x080001c8   0x00000000   Code   RO         2556    .ARM.Collect$$libinit$$00000015  c_w.l(libinit2.o)
    0x080001c8   0x080001c8   0x00000000   Code   RO         2558    .ARM.Collect$$libinit$$00000017  c_w.l(libinit2.o)
    0x080001c8   0x080001c8   0x00000000   Code   RO         2560    .ARM.Collect$$libinit$$00000019  c_w.l(libinit2.o)
    0x080001c8   0x080001c8   0x00000000   Code   RO         2562    .ARM.Collect$$libinit$$0000001B  c_w.l(libinit2.o)
    0x080001c8   0x080001c8   0x00000000   Code   RO         2564    .ARM.Collect$$libinit$$0000001D  c_w.l(libinit2.o)
    0x080001c8   0x080001c8   0x00000000   Code   RO         2566    .ARM.Collect$$libinit$$0000001F  c_w.l(libinit2.o)
    0x080001c8   0x080001c8   0x00000000   Code   RO         2568    .ARM.Collect$$libinit$$00000021  c_w.l(libinit2.o)
    0x080001c8   0x080001c8   0x00000000   Code   RO         2570    .ARM.Collect$$libinit$$00000023  c_w.l(libinit2.o)
    0x080001c8   0x080001c8   0x00000000   Code   RO         2572    .ARM.Collect$$libinit$$00000025  c_w.l(libinit2.o)
    0x080001c8   0x080001c8   0x00000000   Code   RO         2576    .ARM.Collect$$libinit$$0000002C  c_w.l(libinit2.o)
    0x080001c8   0x080001c8   0x00000000   Code   RO         2578    .ARM.Collect$$libinit$$0000002E  c_w.l(libinit2.o)
    0x080001c8   0x080001c8   0x00000000   Code   RO         2580    .ARM.Collect$$libinit$$00000030  c_w.l(libinit2.o)
    0x080001c8   0x080001c8   0x00000000   Code   RO         2582    .ARM.Collect$$libinit$$00000032  c_w.l(libinit2.o)
    0x080001c8   0x080001c8   0x00000002   Code   RO         2583    .ARM.Collect$$libinit$$00000033  c_w.l(libinit2.o)
    0x080001ca   0x080001ca   0x00000002   Code   RO         2601    .ARM.Collect$$libshutdown$$00000000  c_w.l(libshutdown.o)
    0x080001cc   0x080001cc   0x00000000   Code   RO         2611    .ARM.Collect$$libshutdown$$00000002  c_w.l(libshutdown2.o)
    0x080001cc   0x080001cc   0x00000000   Code   RO         2613    .ARM.Collect$$libshutdown$$00000004  c_w.l(libshutdown2.o)
    0x080001cc   0x080001cc   0x00000000   Code   RO         2615    .ARM.Collect$$libshutdown$$00000006  c_w.l(libshutdown2.o)
    0x080001cc   0x080001cc   0x00000000   Code   RO         2618    .ARM.Collect$$libshutdown$$00000009  c_w.l(libshutdown2.o)
    0x080001cc   0x080001cc   0x00000000   Code   RO         2621    .ARM.Collect$$libshutdown$$0000000C  c_w.l(libshutdown2.o)
    0x080001cc   0x080001cc   0x00000000   Code   RO         2623    .ARM.Collect$$libshutdown$$0000000E  c_w.l(libshutdown2.o)
    0x080001cc   0x080001cc   0x00000000   Code   RO         2626    .ARM.Collect$$libshutdown$$00000011  c_w.l(libshutdown2.o)
    0x080001cc   0x080001cc   0x00000002   Code   RO         2627    .ARM.Collect$$libshutdown$$00000012  c_w.l(libshutdown2.o)
    0x080001ce   0x080001ce   0x00000000   Code   RO         2487    .ARM.Collect$$rtentry$$00000000  c_w.l(__rtentry.o)
    0x080001ce   0x080001ce   0x00000000   Code   RO         2504    .ARM.Collect$$rtentry$$00000002  c_w.l(__rtentry2.o)
    0x080001ce   0x080001ce   0x00000006   Code   RO         2516    .ARM.Collect$$rtentry$$00000004  c_w.l(__rtentry4.o)
    0x080001d4   0x080001d4   0x00000000   Code   RO         2506    .ARM.Collect$$rtentry$$00000009  c_w.l(__rtentry2.o)
    0x080001d4   0x080001d4   0x00000004   Code   RO         2507    .ARM.Collect$$rtentry$$0000000A  c_w.l(__rtentry2.o)
    0x080001d8   0x080001d8   0x00000000   Code   RO         2509    .ARM.Collect$$rtentry$$0000000C  c_w.l(__rtentry2.o)
    0x080001d8   0x080001d8   0x00000008   Code   RO         2510    .ARM.Collect$$rtentry$$0000000D  c_w.l(__rtentry2.o)
    0x080001e0   0x080001e0   0x00000002   Code   RO         2537    .ARM.Collect$$rtexit$$00000000  c_w.l(rtexit.o)
    0x080001e2   0x080001e2   0x00000000   Code   RO         2585    .ARM.Collect$$rtexit$$00000002  c_w.l(rtexit2.o)
    0x080001e2   0x080001e2   0x00000004   Code   RO         2586    .ARM.Collect$$rtexit$$00000003  c_w.l(rtexit2.o)
    0x080001e6   0x080001e6   0x00000006   Code   RO         2587    .ARM.Collect$$rtexit$$00000004  c_w.l(rtexit2.o)
    0x080001ec   0x080001ec   0x00000096   Code   RO         2272    .emb_text           port.o
    0x08000282   0x08000282   0x00000002   PAD
    0x08000284   0x08000284   0x00000040   Code   RO            4    .text               startup_stm32f10x_hd.o
    0x080002c4   0x080002c4   0x00000002   Code   RO         2406    .text               c_w.l(use_no_semi_2.o)
    0x080002c6   0x080002c6   0x00000002   PAD
    0x080002c8   0x080002c8   0x00000018   Code   RO         2412    .text               c_w.l(noretval__2printf.o)
    0x080002e0   0x080002e0   0x00000028   Code   RO         2414    .text               c_w.l(noretval__2sprintf.o)
    0x08000308   0x08000308   0x00000052   Code   RO         2418    .text               c_w.l(_printf_str.o)
    0x0800035a   0x0800035a   0x00000002   PAD
    0x0800035c   0x0800035c   0x00000078   Code   RO         2420    .text               c_w.l(_printf_dec.o)
    0x080003d4   0x080003d4   0x00000058   Code   RO         2425    .text               c_w.l(_printf_hex_int.o)
    0x0800042c   0x0800042c   0x000000ec   Code   RO         2448    .text               c_w.l(__printf_flags_ss.o)
    0x08000518   0x08000518   0x00000048   Code   RO         2469    .text               c_w.l(strcpy.o)
    0x08000560   0x08000560   0x0000003e   Code   RO         2471    .text               c_w.l(strlen.o)
    0x0800059e   0x0800059e   0x0000008a   Code   RO         2473    .text               c_w.l(rt_memcpy_v6.o)
    0x08000628   0x08000628   0x00000010   Code   RO         2477    .text               c_w.l(aeabi_memset.o)
    0x08000638   0x08000638   0x0000004e   Code   RO         2479    .text               c_w.l(rt_memclr_w.o)
    0x08000686   0x08000686   0x00000006   Code   RO         2481    .text               c_w.l(heapauxi.o)
    0x0800068c   0x0800068c   0x00000002   Code   RO         2485    .text               c_w.l(use_no_semi.o)
    0x0800068e   0x0800068e   0x000000b2   Code   RO         2488    .text               c_w.l(_printf_intcommon.o)
    0x08000740   0x08000740   0x00000030   Code   RO         2490    .text               c_w.l(_printf_char_common.o)
    0x08000770   0x08000770   0x0000000a   Code   RO         2492    .text               c_w.l(_sputc.o)
    0x0800077a   0x0800077a   0x0000002c   Code   RO         2494    .text               c_w.l(_printf_char.o)
    0x080007a6   0x080007a6   0x00000002   PAD
    0x080007a8   0x080007a8   0x00000024   Code   RO         2496    .text               c_w.l(_printf_char_file.o)
    0x080007cc   0x080007cc   0x00000064   Code   RO         2499    .text               c_w.l(rt_memcpy_w.o)
    0x08000830   0x08000830   0x00000044   Code   RO         2501    .text               c_w.l(rt_memclr.o)
    0x08000874   0x08000874   0x00000008   Code   RO         2520    .text               c_w.l(ferror.o)
    0x0800087c   0x0800087c   0x0000004a   Code   RO         2524    .text               c_w.l(sys_stackheap_outer.o)
    0x080008c6   0x080008c6   0x00000012   Code   RO         2526    .text               c_w.l(exit.o)
    0x080008d8   0x080008d8   0x00000008   Code   RO         2534    .text               c_w.l(libspace.o)
    0x080008e0   0x080008e0   0x00000004   Code   RO          172    i.BusFault_Handler  stm32f10x_it.o
    0x080008e4   0x080008e4   0x00000002   Code   RO          173    i.DebugMon_Handler  stm32f10x_it.o
    0x080008e6   0x080008e6   0x00000116   Code   RO          673    i.GPIO_Init         stm32f10x_gpio.o
    0x080009fc   0x080009fc   0x00000004   Code   RO          681    i.GPIO_SetBits      stm32f10x_gpio.o
    0x08000a00   0x08000a00   0x00000004   Code   RO          174    i.HardFault_Handler  stm32f10x_it.o
    0x08000a04   0x08000a04   0x00000054   Code   RO          985    i.LED_Init          led.o
    0x08000a58   0x08000a58   0x00000004   Code   RO          175    i.MemManage_Handler  stm32f10x_it.o
    0x08000a5c   0x08000a5c   0x00000002   Code   RO          176    i.NMI_Handler       stm32f10x_it.o
    0x08000a5e   0x08000a5e   0x00000002   PAD
    0x08000a60   0x08000a60   0x00000014   Code   RO          432    i.NVIC_PriorityGroupConfig  misc.o
    0x08000a74   0x08000a74   0x00000020   Code   RO          471    i.RCC_APB2PeriphClockCmd  stm32f10x_rcc.o
    0x08000a94   0x08000a94   0x000000d4   Code   RO          479    i.RCC_GetClocksFreq  stm32f10x_rcc.o
    0x08000b68   0x08000b68   0x00000008   Code   RO          300    i.SetSysClock       system_stm32f10x.o
    0x08000b70   0x08000b70   0x000000e0   Code   RO          301    i.SetSysClockTo72   system_stm32f10x.o
    0x08000c50   0x08000c50   0x000000ec   Code   RO         1065    i.StartTaskCreate   freertos_demo.o
    0x08000d3c   0x08000d3c   0x00000010   Code   RO          365    i.SysTick_Handler   delay.o
    0x08000d4c   0x08000d4c   0x00000054   Code   RO          366    i.SysTick_Init      delay.o
    0x08000da0   0x08000da0   0x00000060   Code   RO          303    i.SystemInit        system_stm32f10x.o
    0x08000e00   0x08000e00   0x00000238   Code   RO         1066    i.Task1             freertos_demo.o
    0x08001038   0x08001038   0x0000002c   Code   RO         1067    i.Task2             freertos_demo.o
    0x08001064   0x08001064   0x00000080   Code   RO          397    i.USART1_Init       usart.o
    0x080010e4   0x080010e4   0x00000018   Code   RO          809    i.USART_Cmd         stm32f10x_usart.o
    0x080010fc   0x080010fc   0x000000d8   Code   RO          816    i.USART_Init        stm32f10x_usart.o
    0x080011d4   0x080011d4   0x00000004   Code   RO          177    i.UsageFault_Handler  stm32f10x_it.o
    0x080011d8   0x080011d8   0x00000004   Code   RO          398    i._sys_exit         usart.o
    0x080011dc   0x080011dc   0x000000d0   Code   RO         1692    i.eTaskGetState     tasks.o
    0x080012ac   0x080012ac   0x0000001c   Code   RO          399    i.fputc             usart.o
    0x080012c8   0x080012c8   0x0000008c   Code   RO         1068    i.freeRTOS_demo     freertos_demo.o
    0x08001354   0x08001354   0x0000002a   Code   RO           24    i.main              main.o
    0x0800137e   0x0800137e   0x00000002   PAD
    0x08001380   0x08001380   0x00000030   Code   RO          998    i.my_mem_init       malloc.o
    0x080013b0   0x080013b0   0x000000a8   Code   RO          999    i.my_mem_malloc     malloc.o
    0x08001458   0x08001458   0x00000040   Code   RO         1000    i.my_mem_perused    malloc.o
    0x08001498   0x08001498   0x00000014   Code   RO         1002    i.my_memset         malloc.o
    0x080014ac   0x080014ac   0x00000028   Code   RO         1004    i.mymalloc          malloc.o
    0x080014d4   0x080014d4   0x000000cc   Code   RO         1694    i.prvAddCurrentTaskToDelayedList  tasks.o
    0x080015a0   0x080015a0   0x000000ec   Code   RO         1695    i.prvAddNewTaskToReadyList  tasks.o
    0x0800168c   0x0800168c   0x00000064   Code   RO         2107    i.prvCheckForValidListAndQueue  timers.o
    0x080016f0   0x080016f0   0x00000048   Code   RO         1696    i.prvCheckTasksWaitingTermination  tasks.o
    0x08001738   0x08001738   0x0000002a   Code   RO         1278    i.prvCopyDataFromQueue  queue.o
    0x08001762   0x08001762   0x0000007e   Code   RO         1279    i.prvCopyDataToQueue  queue.o
    0x080017e0   0x080017e0   0x00000012   Code   RO         1697    i.prvDeleteTCB      tasks.o
    0x080017f2   0x080017f2   0x00000002   PAD
    0x080017f4   0x080017f4   0x00000028   Code   RO         2108    i.prvGetNextExpireTime  timers.o
    0x0800181c   0x0800181c   0x0000007c   Code   RO         2349    i.prvHeapInit       heap_4.o
    0x08001898   0x08001898   0x00000028   Code   RO         1698    i.prvIdleTask       tasks.o
    0x080018c0   0x080018c0   0x0000002e   Code   RO         1282    i.prvInitialiseNewQueue  queue.o
    0x080018ee   0x080018ee   0x00000002   PAD
    0x080018f0   0x080018f0   0x00000108   Code   RO         1699    i.prvInitialiseNewTask  tasks.o
    0x080019f8   0x080019f8   0x00000068   Code   RO         1700    i.prvInitialiseTaskLists  tasks.o
    0x08001a60   0x08001a60   0x00000068   Code   RO         2350    i.prvInsertBlockIntoFreeList  heap_4.o
    0x08001ac8   0x08001ac8   0x00000058   Code   RO         2110    i.prvInsertTimerInActiveList  timers.o
    0x08001b20   0x08001b20   0x0000001a   Code   RO         1283    i.prvIsQueueEmpty   queue.o
    0x08001b3a   0x08001b3a   0x0000006a   Code   RO         1701    i.prvListTasksWithinSingleList  tasks.o
    0x08001ba4   0x08001ba4   0x000000c8   Code   RO         1285    i.prvNotifyQueueSetContainer  queue.o
    0x08001c6c   0x08001c6c   0x00000044   Code   RO         2111    i.prvProcessExpiredTimer  timers.o
    0x08001cb0   0x08001cb0   0x00000170   Code   RO         2112    i.prvProcessReceivedCommands  timers.o
    0x08001e20   0x08001e20   0x00000074   Code   RO         2113    i.prvProcessTimerOrBlockTask  timers.o
    0x08001e94   0x08001e94   0x00000028   Code   RO         2114    i.prvReloadTimer    timers.o
    0x08001ebc   0x08001ebc   0x00000030   Code   RO         1702    i.prvResetNextTaskUnblockTime  tasks.o
    0x08001eec   0x08001eec   0x0000002c   Code   RO         2115    i.prvSampleTimeNow  timers.o
    0x08001f18   0x08001f18   0x000000b0   Code   RO         1703    i.prvSearchForNameWithinSingleList  tasks.o
    0x08001fc8   0x08001fc8   0x00000044   Code   RO         2116    i.prvSwitchTimerLists  timers.o
    0x0800200c   0x0800200c   0x00000016   Code   RO         1704    i.prvTaskCheckFreeStackSpace  tasks.o
    0x08002022   0x08002022   0x00000002   PAD
    0x08002024   0x08002024   0x0000007c   Code   RO         2273    i.prvTaskExitError  port.o
    0x080020a0   0x080020a0   0x0000001a   Code   RO         2117    i.prvTimerTask      timers.o
    0x080020ba   0x080020ba   0x00000090   Code   RO         1286    i.prvUnlockQueue    queue.o
    0x0800214a   0x0800214a   0x0000002a   Code   RO         1706    i.prvWriteNameToBuffer  tasks.o
    0x08002174   0x08002174   0x00000194   Code   RO         2351    i.pvPortMalloc      heap_4.o
    0x08002308   0x08002308   0x00000024   Code   RO         2274    i.pxPortInitialiseStack  port.o
    0x0800232c   0x0800232c   0x00000028   Code   RO         1238    i.uxListRemove      list.o
    0x08002354   0x08002354   0x0000000c   Code   RO         1710    i.uxTaskGetNumberOfTasks  tasks.o
    0x08002360   0x08002360   0x00000028   Code   RO         1711    i.uxTaskGetStackHighWaterMark  tasks.o
    0x08002388   0x08002388   0x000000b0   Code   RO         1712    i.uxTaskGetSystemState  tasks.o
    0x08002438   0x08002438   0x00000024   Code   RO         1714    i.uxTaskPriorityGet  tasks.o
    0x0800245c   0x0800245c   0x0000001a   Code   RO         1239    i.vListInitialise   list.o
    0x08002476   0x08002476   0x00000006   Code   RO         1240    i.vListInitialiseItem  list.o
    0x0800247c   0x0800247c   0x00000034   Code   RO         1241    i.vListInsert       list.o
    0x080024b0   0x080024b0   0x00000018   Code   RO         1242    i.vListInsertEnd    list.o
    0x080024c8   0x080024c8   0x00000094   Code   RO         2276    i.vPortEnterCritical  port.o
    0x0800255c   0x0800255c   0x0000007c   Code   RO         2277    i.vPortExitCritical  port.o
    0x080025d8   0x080025d8   0x000000d8   Code   RO         2352    i.vPortFree         heap_4.o
    0x080026b0   0x080026b0   0x0000002c   Code   RO         2278    i.vPortSetupTimerInterrupt  port.o
    0x080026dc   0x080026dc   0x00000090   Code   RO         1292    i.vQueueAddToRegistry  queue.o
    0x0800276c   0x0800276c   0x0000004a   Code   RO         1296    i.vQueueWaitForMessageRestricted  queue.o
    0x080027b6   0x080027b6   0x00000002   PAD
    0x080027b8   0x080027b8   0x00000088   Code   RO         1717    i.vTaskDelay        tasks.o
    0x08002840   0x08002840   0x00000128   Code   RO         1718    i.vTaskDelete       tasks.o
    0x08002968   0x08002968   0x00000084   Code   RO         1721    i.vTaskGetInfo      tasks.o
    0x080029ec   0x080029ec   0x00000018   Code   RO         1722    i.vTaskInternalSetTimeOutState  tasks.o
    0x08002a04   0x08002a04   0x000000dc   Code   RO         1723    i.vTaskList         tasks.o
    0x08002ae0   0x08002ae0   0x0000000c   Code   RO         1724    i.vTaskMissedYield  tasks.o
    0x08002aec   0x08002aec   0x00000068   Code   RO         1725    i.vTaskPlaceOnEventList  tasks.o
    0x08002b54   0x08002b54   0x00000090   Code   RO         1726    i.vTaskPlaceOnEventListRestricted  tasks.o
    0x08002be4   0x08002be4   0x00000178   Code   RO         1729    i.vTaskPrioritySet  tasks.o
    0x08002d5c   0x08002d5c   0x000000c8   Code   RO         1734    i.vTaskStartScheduler  tasks.o
    0x08002e24   0x08002e24   0x00000010   Code   RO         1736    i.vTaskSuspendAll   tasks.o
    0x08002e34   0x08002e34   0x000000bc   Code   RO         1737    i.vTaskSwitchContext  tasks.o
    0x08002ef0   0x08002ef0   0x0000014c   Code   RO         2280    i.xPortStartScheduler  port.o
    0x0800303c   0x0800303c   0x00000034   Code   RO         2281    i.xPortSysTickHandler  port.o
    0x08003070   0x08003070   0x00000094   Code   RO         1301    i.xQueueGenericCreate  queue.o
    0x08003104   0x08003104   0x00000100   Code   RO         1302    i.xQueueGenericReset  queue.o
    0x08003204   0x08003204   0x00000184   Code   RO         1311    i.xQueueReceive     queue.o
    0x08003388   0x08003388   0x000000d0   Code   RO         1740    i.xTaskCheckForTimeOut  tasks.o
    0x08003458   0x08003458   0x00000060   Code   RO         1741    i.xTaskCreate       tasks.o
    0x080034b8   0x080034b8   0x000000d0   Code   RO         1748    i.xTaskGetHandle    tasks.o
    0x08003588   0x08003588   0x00000020   Code   RO         1750    i.xTaskGetSchedulerState  tasks.o
    0x080035a8   0x080035a8   0x0000000c   Code   RO         1751    i.xTaskGetTickCount  tasks.o
    0x080035b4   0x080035b4   0x000001ec   Code   RO         1753    i.xTaskIncrementTick  tasks.o
    0x080037a0   0x080037a0   0x00000114   Code   RO         1754    i.xTaskPriorityDisinherit  tasks.o
    0x080038b4   0x080038b4   0x00000150   Code   RO         1756    i.xTaskRemoveFromEventList  tasks.o
    0x08003a04   0x08003a04   0x000001a4   Code   RO         1757    i.xTaskResumeAll    tasks.o
    0x08003ba8   0x08003ba8   0x00000084   Code   RO         2125    i.xTimerCreateTimerTask  timers.o
    0x08003c2c   0x08003c2c   0x00000018   Data   RO         1009    .constdata          malloc.o
    0x08003c44   0x08003c44   0x00000028   Data   RO         2426    .constdata          c_w.l(_printf_hex_int.o)
    0x08003c6c   0x08003c6c   0x00000011   Data   RO         2449    .constdata          c_w.l(__printf_flags_ss.o)
    0x08003c7d   0x08003c7d   0x00000003   PAD
    0x08003c80   0x08003c80   0x00000020   Data   RO         2659    Region$$Table       anon$$obj.o


    Execution Region RW_IRAM1 (Exec base: 0x20000000, Load base: 0x08003ca0, Size: 0x0000dea0, Max: 0x00010000, ABSOLUTE)

    Exec Addr    Load Addr    Size         Type   Attr      Idx    E Section Name        Object

    0x20000000   0x08003ca0   0x00000014   Data   RW          304    .data               system_stm32f10x.o
    0x20000014   0x08003cb4   0x00000002   Data   RW          369    .data               delay.o
    0x20000016   0x08003cb6   0x00000002   PAD
    0x20000018   0x08003cb8   0x00000004   Data   RW          400    .data               usart.o
    0x2000001c   0x08003cbc   0x00000014   Data   RW          499    .data               stm32f10x_rcc.o
    0x20000030   0x08003cd0   0x0000001c   Data   RW         1010    .data               malloc.o
    0x2000004c   0x08003cec   0x0000000c   Data   RW         1070    .data               freertos_demo.o
    0x20000058   0x08003cf8   0x00000040   Data   RW         1760    .data               tasks.o
    0x20000098   0x08003d38   0x00000014   Data   RW         2134    .data               timers.o
    0x200000ac   0x08003d4c   0x0000000c   Data   RW         2282    .data               port.o
    0x200000b8   0x08003d58   0x00000020   Data   RW         2358    .data               heap_4.o
    0x200000d8   0x08003d78   0x00000028   PAD
    0x20000100        -       0x0000aa00   Zero   RW         1008    .bss                malloc.o
    0x2000ab00        -       0x000001f4   Zero   RW         1069    .bss                freertos_demo.o
    0x2000acf4        -       0x00000040   Zero   RW         1318    .bss                queue.o
    0x2000ad34        -       0x000002e4   Zero   RW         1759    .bss                tasks.o
    0x2000b018        -       0x00000028   Zero   RW         2133    .bss                timers.o
    0x2000b040        -       0x00002800   Zero   RW         2357    .bss                heap_4.o
    0x2000d840        -       0x00000060   Zero   RW         2535    .bss                c_w.l(libspace.o)
    0x2000d8a0        -       0x00000200   Zero   RW            2    HEAP                startup_stm32f10x_hd.o
    0x2000daa0        -       0x00000400   Zero   RW            1    STACK               startup_stm32f10x_hd.o



  Load Region LR$$.ARM.__AT_0x68000000 (Base: 0x68000000, Size: 0x00000000, Max: 0x00000020, ABSOLUTE)

    Execution Region ER$$.ARM.__AT_0x68000000 (Exec base: 0x68000000, Load base: 0x68000000, Size: 0x00000020, Max: 0x00000020, ABSOLUTE, UNINIT)

    Exec Addr    Load Addr    Size         Type   Attr      Idx    E Section Name        Object

    0x68000000        -       0x00000020   Zero   RW         1006    .ARM.__AT_0x68000000  malloc.o



  Load Region LR$$.ARM.__AT_0x68000020 (Base: 0x68000020, Size: 0x00000000, Max: 0x00000004, ABSOLUTE)

    Execution Region ER$$.ARM.__AT_0x68000020 (Exec base: 0x68000020, Load base: 0x68000020, Size: 0x00000004, Max: 0x00000004, ABSOLUTE, UNINIT)

    Exec Addr    Load Addr    Size         Type   Attr      Idx    E Section Name        Object

    0x68000020        -       0x00000002   Zero   RW         1007    .ARM.__AT_0x68000020  malloc.o


==============================================================================

Image component sizes


      Code (inc. data)   RO Data    RW Data    ZI Data      Debug   Object Name

         0          0          0          0          0       4516   core_cm3.o
       100          6          0          2          0       1345   delay.o
         0          0          0          0          0      14856   event_groups.o
       988        506          0         12        500       3660   freertos_demo.o
       848        218          0         32      10240       4363   heap_4.o
        84          8          0          0          0        551   led.o
       148          0          0          0          0       3582   list.o
        42          0          0          0          0      23491   main.o
       340         38         24         28      43554       5205   malloc.o
        20         10          0          0          0        571   misc.o
      1010        354          0         12          0      10184   port.o
      1594        298          0          0         64      13307   queue.o
        64         26        304          0       1536        920   startup_stm32f10x_hd.o
       282          0          0          0          0       2679   stm32f10x_gpio.o
        20          0          0          0          0     229421   stm32f10x_it.o
       244         26          0         20          0       4097   stm32f10x_rcc.o
       240          6          0          0          0       3029   stm32f10x_usart.o
       328         28          0         20          0       2565   system_stm32f10x.o
      5732       1372          0         64        740      45231   tasks.o
      1090        222          0         20         40      14080   timers.o
       160         14          0          4          0       3644   usart.o

    ----------------------------------------------------------------------
     13348       3132        360        216      56716     391297   Object Totals
         0          0         32          0          0          0   (incl. Generated)
        14          0          0          2         42          0   (incl. Padding)

    ----------------------------------------------------------------------

      Code (inc. data)   RO Data    RW Data    ZI Data      Debug   Library Member Name

         8          0          0          0          0         68   __main.o
       236          4         17          0          0         88   __printf_flags_ss.o
         0          0          0          0          0          0   __rtentry.o
        12          0          0          0          0          0   __rtentry2.o
         6          0          0          0          0          0   __rtentry4.o
        52          8          0          0          0          0   __scatter.o
        26          0          0          0          0          0   __scatter_copy.o
        28          0          0          0          0          0   __scatter_zi.o
         6          0          0          0          0          0   _printf_c.o
        44          0          0          0          0        108   _printf_char.o
        48          6          0          0          0         96   _printf_char_common.o
        36          4          0          0          0         80   _printf_char_file.o
         6          0          0          0          0          0   _printf_d.o
       120         16          0          0          0         92   _printf_dec.o
        88          4         40          0          0         88   _printf_hex_int.o
       178          0          0          0          0         88   _printf_intcommon.o
         0          0          0          0          0          0   _printf_percent.o
         4          0          0          0          0          0   _printf_percent_end.o
         6          0          0          0          0          0   _printf_s.o
        82          0          0          0          0         80   _printf_str.o
         6          0          0          0          0          0   _printf_u.o
         6          0          0          0          0          0   _printf_x.o
        10          0          0          0          0         68   _sputc.o
        16          0          0          0          0         68   aeabi_memset.o
        18          0          0          0          0         80   exit.o
         8          0          0          0          0         68   ferror.o
         6          0          0          0          0        152   heapauxi.o
         2          0          0          0          0          0   libinit.o
         2          0          0          0          0          0   libinit2.o
         2          0          0          0          0          0   libshutdown.o
         2          0          0          0          0          0   libshutdown2.o
         8          4          0          0         96         68   libspace.o
        24          4          0          0          0         84   noretval__2printf.o
        40          6          0          0          0         84   noretval__2sprintf.o
        68          0          0          0          0         68   rt_memclr.o
        78          0          0          0          0         80   rt_memclr_w.o
       138          0          0          0          0         68   rt_memcpy_v6.o
       100          0          0          0          0         80   rt_memcpy_w.o
         2          0          0          0          0          0   rtexit.o
        10          0          0          0          0          0   rtexit2.o
        72          0          0          0          0         80   strcpy.o
        62          0          0          0          0         76   strlen.o
        74          0          0          0          0         80   sys_stackheap_outer.o
         2          0          0          0          0         68   use_no_semi.o
         2          0          0          0          0         68   use_no_semi_2.o

    ----------------------------------------------------------------------
      1752         56         60          0         96       2128   Library Totals
         8          0          3          0          0          0   (incl. Padding)

    ----------------------------------------------------------------------

      Code (inc. data)   RO Data    RW Data    ZI Data      Debug   Library Name

      1744         56         57          0         96       2128   c_w.l

    ----------------------------------------------------------------------
      1752         56         60          0         96       2128   Library Totals

    ----------------------------------------------------------------------

==============================================================================


      Code (inc. data)   RO Data    RW Data    ZI Data      Debug   

     15100       3188        420        216      56812     386869   Grand Totals
     15100       3188        420        216      56812     386869   ELF Image Totals
     15100       3188        420        216          0          0   ROM Totals

==============================================================================

    Total RO  Size (Code + RO Data)                15520 (  15.16kB)
    Total RW  Size (RW Data + ZI Data)             57028 (  55.69kB)
    Total ROM Size (Code + RO Data + RW Data)      15736 (  15.37kB)

==============================================================================

